# behaviour: 3
# command: node --test --test-isolation=none --test-name-pattern=^W-104 behaviour 3$ docs/research/bisellium-maps-harness.test.mjs
# exit: 1
# at: 2026-09-28T05:39:06.794Z
# sella: builder-sol
# tree: dirty:7e0961b0143353e063eba39b8db75851bc0b6a07

✖ W-104 behaviour 3 (7.317594ms)
ℹ tests 1
ℹ suites 0
ℹ pass 0
ℹ fail 1
ℹ cancelled 0
ℹ skipped 0
ℹ todo 0
ℹ duration_ms 30.080496

✖ failing tests:

test at docs/research/bisellium-maps-harness.test.mjs:805:1
✖ W-104 behaviour 3 (7.317594ms)
  AssertionError [ERR_ASSERTION]: search-diverse must complete: mode must be search or route
      at runSearchDiverse (file:///home/edckt/projects/bisellium/.worktrees/maps-lookup-experiment/docs/research/bisellium-maps-harness.test.mjs:712:12)
      at async TestContext.<anonymous> (file:///home/edckt/projects/bisellium/.worktrees/maps-lookup-experiment/docs/research/bisellium-maps-harness.test.mjs:835:23)
      at async Test.run (node:internal/test_runner/test:1208:7)
      at async startSubtestAfterBootstrap (node:internal/test_runner/harness:385:3) {
    generatedMessage: false,
    code: 'ERR_ASSERTION',
    actual: undefined,
    expected: undefined,
    operator: 'fail',
    diff: 'simple'
  }
