# behaviour: 1
# command: node --test-reporter=tap --import tsx --test-name-pattern=W-140-b1 packages/commands/src/run.test.ts
# exit: 1
# at: 2026-10-05T15:28:17.355Z
# sella: builder.W-140
# tree: tree:2fb0f7614a2442503b07c6d141bf00c382d1024c

TAP version 13
# Subtest: W-140-b1 behaviour 1: the receipt gate counts behaviours with admission's parser, on every shape of the table
not ok 1 - W-140-b1 behaviour 1: the receipt gate counts behaviours with admission's parser, on every shape of the table
  ---
  duration_ms: 132.725218
  type: 'test'
  location: '/home/edckt/agents/bisellium/.worktrees/W-140/packages/commands/src/run.test.ts:298:12662'
  failureType: 'testCodeFailure'
  error: |-
    b1 numbered line in a comment: a receipt with reds 1..1 is admitted (W-125: run_receipt lacks a replayed red for behaviour 2)
    
    false !== true
    
  code: 'ERR_ASSERTION'
  name: 'AssertionError'
  expected: true
  actual: false
  operator: 'strictEqual'
  stack: |-
    TestContext.<anonymous> (/home/edckt/agents/bisellium/.worktrees/W-140/packages/commands/src/run.test.ts:1773:14)
    async Test.run (node:internal/test_runner/test:1208:7)
    async startSubtestAfterBootstrap (node:internal/test_runner/harness:385:3)
  ...
1..1
# tests 1
# suites 0
# pass 0
# fail 1
# cancelled 0
# skipped 0
# todo 0
# duration_ms 152.172111
