# behaviour: 2
# command: node --import tsx packages/cli/src/talk-boundary.test.ts .
# exit: 1
# at: 2026-09-23T15:34:42.442Z
# sella: builder-b
# tree: dirty:7ca44d7aa59a1c1fc6850b8f80b27f507c2cece8

PASS  behaviour 2 guard: derived verb universe contains run/red/greenlight/answer/budget/talk/tick/providers check,init,new,instructions,retro,context,query,providers,run,verify,ci,talk,tick,pause,resume,handoff,emit,answer,greenlight,budget,ready,halt,done,review,red,serve,hooks,hook-event,branch,merge,close,prune,docs
PASS  behaviour 2 start: bisellium check admitted                                
PASS  behaviour 2 start: bisellium check --probe x admitted                      
FAIL  behaviour 2 start: bisellium init denied                                   
FAIL  behaviour 2 start: bisellium init --probe x denied                         
FAIL  behaviour 2 start: bisellium new denied                                    
FAIL  behaviour 2 start: bisellium new --probe x denied                          
FAIL  behaviour 2 start: bisellium instructions denied                           
FAIL  behaviour 2 start: bisellium instructions --probe x denied                 
FAIL  behaviour 2 start: bisellium retro denied                                  
FAIL  behaviour 2 start: bisellium retro --probe x denied                        
PASS  behaviour 2 start: bisellium context admitted                              
PASS  behaviour 2 start: bisellium context --probe x admitted                    
PASS  behaviour 2 start: bisellium query admitted                                
PASS  behaviour 2 start: bisellium query --probe x admitted                      
FAIL  behaviour 2 start: bisellium providers denied                              
FAIL  behaviour 2 start: bisellium providers --probe x denied                    
FAIL  behaviour 2 start: bisellium run denied                                    
FAIL  behaviour 2 start: bisellium run --probe x denied                          
FAIL  behaviour 2 start: bisellium verify denied                                 
FAIL  behaviour 2 start: bisellium verify --probe x denied                       
FAIL  behaviour 2 start: bisellium ci denied                                     
FAIL  behaviour 2 start: bisellium ci --probe x denied                           
FAIL  behaviour 2 start: bisellium talk denied                                   
FAIL  behaviour 2 start: bisellium talk --probe x denied                         
FAIL  behaviour 2 start: bisellium tick denied                                   
FAIL  behaviour 2 start: bisellium tick --probe x denied                         
FAIL  behaviour 2 start: bisellium pause denied                                  
FAIL  behaviour 2 start: bisellium pause --probe x denied                        
FAIL  behaviour 2 start: bisellium resume denied                                 
FAIL  behaviour 2 start: bisellium resume --probe x denied                       
FAIL  behaviour 2 start: bisellium handoff denied                                
FAIL  behaviour 2 start: bisellium handoff --probe x denied                      
FAIL  behaviour 2 start: bisellium emit denied                                   
FAIL  behaviour 2 start: bisellium emit --probe x denied                         
FAIL  behaviour 2 start: bisellium answer denied                                 
FAIL  behaviour 2 start: bisellium answer --probe x denied                       
FAIL  behaviour 2 start: bisellium greenlight denied                             
FAIL  behaviour 2 start: bisellium greenlight --probe x denied                   
FAIL  behaviour 2 start: bisellium budget denied                                 
FAIL  behaviour 2 start: bisellium budget --probe x denied                       
FAIL  behaviour 2 start: bisellium ready denied                                  
FAIL  behaviour 2 start: bisellium ready --probe x denied                        
FAIL  behaviour 2 start: bisellium halt denied                                   
FAIL  behaviour 2 start: bisellium halt --probe x denied                         
FAIL  behaviour 2 start: bisellium done denied                                   
FAIL  behaviour 2 start: bisellium done --probe x denied                         
FAIL  behaviour 2 start: bisellium review denied                                 
FAIL  behaviour 2 start: bisellium review --probe x denied                       
FAIL  behaviour 2 start: bisellium red denied                                    
FAIL  behaviour 2 start: bisellium red --probe x denied                          
FAIL  behaviour 2 start: bisellium serve denied                                  
FAIL  behaviour 2 start: bisellium serve --probe x denied                        
FAIL  behaviour 2 start: bisellium hooks denied                                  
FAIL  behaviour 2 start: bisellium hooks --probe x denied                        
FAIL  behaviour 2 start: bisellium hook-event denied                             
FAIL  behaviour 2 start: bisellium hook-event --probe x denied                   
FAIL  behaviour 2 start: bisellium branch denied                                 
FAIL  behaviour 2 start: bisellium branch --probe x denied                       
FAIL  behaviour 2 start: bisellium merge denied                                  
FAIL  behaviour 2 start: bisellium merge --probe x denied                        
FAIL  behaviour 2 start: bisellium close denied                                  
FAIL  behaviour 2 start: bisellium close --probe x denied                        
FAIL  behaviour 2 start: bisellium prune denied                                  
FAIL  behaviour 2 start: bisellium prune --probe x denied                        
FAIL  behaviour 2 start: bisellium docs denied                                   
FAIL  behaviour 2 start: bisellium docs --probe x denied                         
PASS  behaviour 2 start: bare bisellium admitted                                 
PASS  behaviour 2 resume: bisellium check admitted                               
PASS  behaviour 2 resume: bisellium check --probe x admitted                     
FAIL  behaviour 2 resume: bisellium init denied                                  
FAIL  behaviour 2 resume: bisellium init --probe x denied                        
FAIL  behaviour 2 resume: bisellium new denied                                   
FAIL  behaviour 2 resume: bisellium new --probe x denied                         
FAIL  behaviour 2 resume: bisellium instructions denied                          
FAIL  behaviour 2 resume: bisellium instructions --probe x denied                
FAIL  behaviour 2 resume: bisellium retro denied                                 
FAIL  behaviour 2 resume: bisellium retro --probe x denied                       
PASS  behaviour 2 resume: bisellium context admitted                             
PASS  behaviour 2 resume: bisellium context --probe x admitted                   
PASS  behaviour 2 resume: bisellium query admitted                               
PASS  behaviour 2 resume: bisellium query --probe x admitted                     
FAIL  behaviour 2 resume: bisellium providers denied                             
FAIL  behaviour 2 resume: bisellium providers --probe x denied                   
FAIL  behaviour 2 resume: bisellium run denied                                   
FAIL  behaviour 2 resume: bisellium run --probe x denied                         
FAIL  behaviour 2 resume: bisellium verify denied                                
FAIL  behaviour 2 resume: bisellium verify --probe x denied                      
FAIL  behaviour 2 resume: bisellium ci denied                                    
FAIL  behaviour 2 resume: bisellium ci --probe x denied                          
FAIL  behaviour 2 resume: bisellium talk denied                                  
FAIL  behaviour 2 resume: bisellium talk --probe x denied                        
FAIL  behaviour 2 resume: bisellium tick denied                                  
FAIL  behaviour 2 resume: bisellium tick --probe x denied                        
FAIL  behaviour 2 resume: bisellium pause denied                                 
FAIL  behaviour 2 resume: bisellium pause --probe x denied                       
FAIL  behaviour 2 resume: bisellium resume denied                                
FAIL  behaviour 2 resume: bisellium resume --probe x denied                      
FAIL  behaviour 2 resume: bisellium handoff denied                               
FAIL  behaviour 2 resume: bisellium handoff --probe x denied                     
FAIL  behaviour 2 resume: bisellium emit denied                                  
FAIL  behaviour 2 resume: bisellium emit --probe x denied                        
FAIL  behaviour 2 resume: bisellium answer denied                                
FAIL  behaviour 2 resume: bisellium answer --probe x denied                      
FAIL  behaviour 2 resume: bisellium greenlight denied                            
FAIL  behaviour 2 resume: bisellium greenlight --probe x denied                  
FAIL  behaviour 2 resume: bisellium budget denied                                
FAIL  behaviour 2 resume: bisellium budget --probe x denied                      
FAIL  behaviour 2 resume: bisellium ready denied                                 
FAIL  behaviour 2 resume: bisellium ready --probe x denied                       
FAIL  behaviour 2 resume: bisellium halt denied                                  
FAIL  behaviour 2 resume: bisellium halt --probe x denied                        
FAIL  behaviour 2 resume: bisellium done denied                                  
FAIL  behaviour 2 resume: bisellium done --probe x denied                        
FAIL  behaviour 2 resume: bisellium review denied                                
FAIL  behaviour 2 resume: bisellium review --probe x denied                      
FAIL  behaviour 2 resume: bisellium red denied                                   
FAIL  behaviour 2 resume: bisellium red --probe x denied                         
FAIL  behaviour 2 resume: bisellium serve denied                                 
FAIL  behaviour 2 resume: bisellium serve --probe x denied                       
FAIL  behaviour 2 resume: bisellium hooks denied                                 
FAIL  behaviour 2 resume: bisellium hooks --probe x denied                       
FAIL  behaviour 2 resume: bisellium hook-event denied                            
FAIL  behaviour 2 resume: bisellium hook-event --probe x denied                  
FAIL  behaviour 2 resume: bisellium branch denied                                
FAIL  behaviour 2 resume: bisellium branch --probe x denied                      
FAIL  behaviour 2 resume: bisellium merge denied                                 
FAIL  behaviour 2 resume: bisellium merge --probe x denied                       
FAIL  behaviour 2 resume: bisellium close denied                                 
FAIL  behaviour 2 resume: bisellium close --probe x denied                       
FAIL  behaviour 2 resume: bisellium prune denied                                 
FAIL  behaviour 2 resume: bisellium prune --probe x denied                       
FAIL  behaviour 2 resume: bisellium docs denied                                  
FAIL  behaviour 2 resume: bisellium docs --probe x denied                        
PASS  behaviour 2 resume: bare bisellium admitted                                
