# behaviour: 4
# command: node scripts/safe-item-path-mutants.mjs census
# exit: 1
# at: 2026-09-24T07:26:24.636Z
# sella: builder-b
# tree: dirty:f51320c5e597de3a948c0a06bb1f09a58b9ba148

baseline: 0 FAIL — --import tsx packages/cli/src/containment.test.ts .

=== mutant: mE new helper call site (expect: dead) ===
resolved: file(s)=packages/commands/src/writes.ts exit=1 FAIL-count=3
kills["inventory A"]: seen
FAIL  inventory A: pinned list length matches the scan's own count           pinned=14 scan=15
FAIL  inventory A: every safeItemPath call site is pinned, none missing      a containment call site changed — see studio/briefs/W-047.md; a new call site needs a traversal case, a new bypass needs a decision — added: ["packages/commands/src/writes.ts:__w047MutantProbeE:?#1"] removed: []
FAIL  inventory A: scan order matches the pinned order exactly               {"scanA":["packages/cli/src/retro.ts:classifyAddressedTarget:opera#1","packages/cli/src/retro.ts:classifyAddressedTarget:decisions#1","packages/commands/src/lifecycle.ts:runReady:opera#1","packages/commands/src/lifecycle.ts:runDone:opera#1","packages/commands/src/lifecycle.ts:runReview:opera#1","packages/commands/src/lifecycle.ts:runHalt:opera#1","packages/commands/src/lifecycle.ts:runHalt:decisions#1","packages/commands/src/lifecycle.ts:patronDecisionProblem:decisions#1","packages/commands/src/lifecycle.ts:runWaive:opera#1","packages/commands/src/writes.ts:runHandoff:opera#1","packages/commands/src/writes.ts:runEmit:opera#1","packages/commands/src/writes.ts:runAnswer:petitiones#1","packages/commands/src/writes.ts:runAnswer:opera#1","packages/commands/src/writes.ts:runGreenlight:opera#1","packages/commands/src/writes.ts:__w047MutantProbeE:?#1"],"PINNED_A":["packages/cli/src/retro.ts:classifyAddressedTarget:opera#1","packages/cli/src/retro.ts:classifyAddressedTarget:decisions#1","packages/commands/src/lifecycle.ts:runReady:opera#1","packages/commands/src/lifecycle.ts:runDone:opera#1","packages/commands/src/lifecycle.ts:runReview:opera#1","packages/commands/src/lifecycle.ts:runHalt:opera#1","packages/commands/src/lifecycle.ts:runHalt:decisions#1","packages/commands/src/lifecycle.ts:patronDecisionProblem:decisions#1","packages/commands/src/lifecycle.ts:runWaive:opera#1","packages/commands/src/writes.ts:runHandoff:opera#1","packages/commands/src/writes.ts:runEmit:opera#1","packages/commands/src/writes.ts:runAnswer:petitiones#1","packages/commands/src/writes.ts:runAnswer:opera#1","packages/commands/src/writes.ts:runGreenlight:opera#1"]}
-> matched (dead)

=== mutant: mF new raw id join (expect: dead) ===
resolved: file(s)=packages/cli/src/close.ts exit=1 FAIL-count=3
kills["inventory B"]: seen
FAIL  inventory B: pinned list length matches the scan's own count           pinned=12 scan=13
FAIL  inventory B: every raw id-to-path join is pinned, none missing         a containment call site changed — see studio/briefs/W-047.md; a new call site needs a traversal case, a new bypass needs a decision — added: ["packages/cli/src/close.ts:__w047MutantProbeF#1"] removed: []
FAIL  inventory B: scan order matches the pinned order exactly               {"scanB":["packages/cli/src/branch.ts:readOpusRecord#1","packages/cli/src/branch.ts:readOpusRecord#2","packages/cli/src/branch.ts:readOpusRecord#3","packages/cli/src/branch.ts:mergeOpusBranch#1","packages/cli/src/branch.ts:runBranch#1","packages/cli/src/branch.ts:runMerge#1","packages/cli/src/close.ts:closeChecks#1","packages/cli/src/close.ts:__w047MutantProbeF#1","packages/cli/src/prune.ts:pruneStaleOpusBranches#1","packages/commands/src/lifecycle.ts:runReady#1","packages/commands/src/lifecycle.ts:runWaive#1","packages/commands/src/verify.ts:runVerify#1","packages/commands/src/writes.ts:recordOwnerRefusal#1"],"pinnedBKeys":["packages/cli/src/branch.ts:readOpusRecord#1","packages/cli/src/branch.ts:readOpusRecord#2","packages/cli/src/branch.ts:readOpusRecord#3","packages/cli/src/branch.ts:mergeOpusBranch#1","packages/cli/src/branch.ts:runBranch#1","packages/cli/src/branch.ts:runMerge#1","packages/cli/src/close.ts:closeChecks#1","packages/cli/src/prune.ts:pruneStaleOpusBranches#1","packages/commands/src/lifecycle.ts:runReady#1","packages/commands/src/lifecycle.ts:runWaive#1","packages/commands/src/verify.ts:runVerify#1","packages/commands/src/writes.ts:recordOwnerRefusal#1"]}
-> matched (dead)

=== mutant: mG reformat across two lines (expect: alive) ===
resolved: file(s)=packages/commands/src/writes.ts exit=0 FAIL-count=0
-> matched (alive)

all 3 mutants matched (2 dead, 1 alive)
