# behaviour: 1
# command: node --test-reporter=tap --test-name-pattern=W-163-b1 --import tsx packages/cli/src/safe-helpers.test.ts
# exit: 1
# at: 2026-10-06T19:17:59.889Z
# sella: builder.W-163
# tree: tree:2411e77afa0b7d7bf77130593e56a3b2651d47da

TAP version 13
# Subtest: W-163-b1 behaviour 1: one strict parser, exported from @bisellium/schema
not ok 1 - W-163-b1 behaviour 1: one strict parser, exported from @bisellium/schema
  ---
  duration_ms: 2.770566
  type: 'test'
  location: '/home/edckt/agents/bisellium/.worktrees/W-163/packages/cli/src/safe-helpers.test.ts:1:2583'
  failureType: 'testCodeFailure'
  error: |-
    @bisellium/schema exports instant
    + actual - expected
    
    + 'undefined'
    - 'function'
    
  code: 'ERR_ASSERTION'
  name: 'AssertionError'
  expected: 'function'
  actual: 'undefined'
  operator: 'strictEqual'
  stack: |-
    TestContext.<anonymous> (/home/edckt/agents/bisellium/.worktrees/W-163/packages/cli/src/safe-helpers.test.ts:82:10)
    Test.runInAsyncScope (node:async_hooks:226:14)
    Test.run (node:internal/test_runner/test:1201:25)
    Test.start (node:internal/test_runner/test:1096:17)
    startSubtestAfterBootstrap (node:internal/test_runner/harness:385:17)
  ...
1..1
# tests 1
# suites 0
# pass 0
# fail 1
# cancelled 0
# skipped 0
# todo 0
# duration_ms 11.9182
