# behaviour: 2
# command: node --test-reporter=tap --test-name-pattern=W-163-b2 --import tsx packages/cli/src/safe-helpers.test.ts
# exit: 1
# at: 2026-10-06T19:18:00.449Z
# sella: builder.W-163
# tree: tree:2411e77afa0b7d7bf77130593e56a3b2651d47da

TAP version 13
# Subtest: W-163-b2 behaviour 2: record dates fail closed where they are read
not ok 1 - W-163-b2 behaviour 2: record dates fail closed where they are read
  ---
  duration_ms: 3.110709
  type: 'test'
  location: '/home/edckt/agents/bisellium/.worktrees/W-163/packages/cli/src/safe-helpers.test.ts:1:3618'
  failureType: 'testCodeFailure'
  error: |-
    Expected values to be strictly equal:
    + actual - expected
    
    + '2026-03-02T00:00:00.000Z'
    - undefined
    
  code: 'ERR_ASSERTION'
  name: 'AssertionError'
  actual: '2026-03-02T00:00:00.000Z'
  operator: 'strictEqual'
  stack: |-
    TestContext.<anonymous> (/home/edckt/agents/bisellium/.worktrees/W-163/packages/cli/src/safe-helpers.test.ts:98:10)
    Test.runInAsyncScope (node:async_hooks:226:14)
    Test.run (node:internal/test_runner/test:1201:25)
    Test.start (node:internal/test_runner/test:1096:17)
    startSubtestAfterBootstrap (node:internal/test_runner/harness:385:17)
  ...
1..1
# tests 1
# suites 0
# pass 0
# fail 1
# cancelled 0
# skipped 0
# todo 0
# duration_ms 12.015115
