# behaviour: 24
# command: node --import tsx packages/cli/src/context.test.ts .
# exit: 1
# at: 2026-09-19T15:21:24.674Z
# sella: guest
# tree: dirty:a612150feb7f7e7ca7b2df9a4fd8f18d9883e860

PASS  builder-1: engineering lex present         
PASS  builder-1: W-002 and W-004 handoffs present 
PASS  builder-1: A-1 not included (addressed to patron) 
PASS  patron: A-1 included (needs_you, to: patron) 
PASS  maxTokens=300: sections dropped            
PASS  maxTokens=300: text ends with 'truncated:' line 
PASS  unknown sella: empty text, truncated ['unknown sella'] 
PASS  builder-1: standing rules present          
PASS  patron: standing rules present             
PASS  builder-1: CLI usage pointer present       
PASS  builder-1: full banner not inlined         
FAIL  maxTokens=600: CLI usage pointer survives truncation that drops other sections 
PASS  needs_you: mentions W-004 and A-1          
PASS  status W-003: mentions verifying and failed 
PASS  burn: mentions engineering and conserve    
PASS  hello: kind unknown                        
PASS  burn: engineering listed once for 2026-W38 with a derived (non-unknown) posture ["2026-W38 · engineering · 1880000/3000000 tokens · 62.7% · conserve"]
PASS  burn: engineering listed for 2026-W39 as unknown (not the current period) ["2026-W39 · engineering · 0/3000000 tokens · ?% · unknown"]
