# behaviour: 2
# command: node --import tsx packages/cli/src/ci.test.ts 2
# exit: 1
# at: 2026-09-19T16:19:09.131Z
# sella: guest
# tree: dirty:796565ee521efa14130084f8f7495cd83f4f1c64


> test
> node ci-marker.mjs test


> test
> node ci-marker.mjs test

FAIL  stops at first failing step, names it, exits non-zero                  exit=1 order=["typecheck","lint","format:check","test","check:studio","check:examples/sample-studio"] stderr=bisellium ci: step failed (exit 1): npm run -s format:check

> test
> node ci-marker.mjs test

bisellium ci: step failed (exit 1): npm run -s typecheck

> test
> node ci-marker.mjs test


added 1 package in 164ms

> test
> node -e "process.exit(require('@fixture/foo').value===1?0:1)"


> test
> node -e "process.exit(require('@fixture/foo').value===1?0:1)"

bisellium ci: step failed (exit 1): npm test

> test
> node -e "process.exit(0)"

tests: passed  ci/W-001-tests-670c0394.log
lint: passed  ci/W-001-lint-670c0394.log
types: passed  ci/W-001-types-670c0394.log
tests: passed  ci/W-001-tests-670c0394.log
lint: passed  ci/W-001-lint-670c0394.log
types: passed  ci/W-001-types-670c0394.log

> test
> node -e "process.exit(0)"

