# behaviour: 4
# command: node --test-reporter=tap --test-name-pattern=W-139.behaviour.4: scripts/ci-scope.test.mjs
# exit: 1
# at: 2026-10-05T03:44:02.384Z
# sella: builder.W-139
# tree: tree:84e9780ff14df80ee531cd4c60e985e1044f7b14

TAP version 13
# Subtest: W-139 behaviour 4: checkReads names unattributed, unlisted and unread, and the CLI fails closed
not ok 1 - W-139 behaviour 4: checkReads names unattributed, unlisted and unread, and the CLI fails closed
  ---
  duration_ms: 2.281519
  type: 'test'
  location: '/home/edckt/agents/bisellium/.worktrees/W-139/scripts/ci-scope.test.mjs:250:1'
  failureType: 'testCodeFailure'
  error: |-
    scripts/ci-scope.mjs exports checkReads
    + actual - expected
    
    + 'undefined'
    - 'function'
    
  code: 'ERR_ASSERTION'
  name: 'AssertionError'
  expected: 'function'
  actual: 'undefined'
  operator: 'strictEqual'
  stack: |-
    TestContext.<anonymous> (file:///home/edckt/agents/bisellium/.worktrees/W-139/scripts/ci-scope.test.mjs:252:10)
    async Test.run (node:internal/test_runner/test:1208:7)
    async startSubtestAfterBootstrap (node:internal/test_runner/harness:385:3)
  ...
1..1
# tests 1
# suites 0
# pass 0
# fail 1
# cancelled 0
# skipped 0
# todo 0
# duration_ms 8.517081
