# behaviour: 7
# command: npx playwright test -c playwright.serve.config.ts -g behaviour 7
# exit: 1
# at: 2026-09-25T03:46:51.421Z
# sella: builder-a
# tree: dirty:c032fb5b1f7c2115039343a2e0691b6d70f146f6


Running 6 tests using 6 workers

W-007: greenlit
W-007: greenlit
  ✓  4 [chromium] › tests-serve/board.spec.ts:132:3 › W-064 behaviour 7: transport dependence, reconnect reconciliation, coalescing, no writes › negative: with /api/live blocked after the initial connection, the card never appears and no further /api/opera requests are issued (2.8s)
  ✘  1 [chromium] › tests-serve/board.spec.ts:99:3 › W-064 behaviour 7: transport dependence, reconnect reconciliation, coalescing, no writes › renders every column, each count equal to the spec's own computation from GET /api/opera (5.8s)
  ✘  3 [chromium] › tests-serve/board.spec.ts:199:3 › W-064 behaviour 7: transport dependence, reconnect reconciliation, coalescing, no writes › coalescing: a poll delivering several frames issues exactly one /api/opera request (11.8s)
  ✘  2 [chromium] › tests-serve/board.spec.ts:114:3 › W-064 behaviour 7: transport dependence, reconnect reconciliation, coalescing, no writes › live case: an SSE-delivered greenlight moves the card, no reload, within two poll intervals (11.8s)
  ✘  5 [chromium] › tests-serve/board.spec.ts:165:3 › W-064 behaviour 7: transport dependence, reconnect reconciliation, coalescing, no writes › reconnect reconciliation: a change made while disconnected appears on reconnect, without a reload (15.7s)
  ✘  6 [chromium] › tests-serve/board.spec.ts:180:3 › W-064 behaviour 7: transport dependence, reconnect reconciliation, coalescing, no writes › reconnect repairs an OPEN DRAWER: an event appended while disconnected appears without closing/reopening (30.0s)


  1) [chromium] › tests-serve/board.spec.ts:99:3 › W-064 behaviour 7: transport dependence, reconnect reconciliation, coalescing, no writes › renders every column, each count equal to the spec's own computation from GET /api/opera 

    Error: expect(locator).toHaveText(expected) failed

    Locator:  locator('.board__column[data-column-id="needs_you"] .board__column-count')
    Expected: "1"
    Received: "0"
    Timeout:  5000ms

    Call log:
      - Expect "toHaveText" locator('.board__column[data-column-id="needs_you"] .board__column-count') with timeout 5000ms
      - waiting for locator('.board__column[data-column-id="needs_you"] .board__column-count')
        14 × locator resolved to <span class="board__column-count">0</span>
           - unexpected value "0"


      105 |     for (const col of expected.columns) {
      106 |       const head = page.locator(`.board__column[data-column-id="${col.id}"] .board__column-count`);
    > 107 |       await expect(head).toHaveText(String(col.cards.length));
          |                          ^
      108 |     }
      109 |
      110 |     await page.goto(`${served.baseURL}/#/inbox`);
        at /home/edckt/projects/bisellium/.worktrees/W-064/apps/web/tests-serve/board.spec.ts:107:26

    Error Context: test-results/board-W-064-behaviour-7-tr-f5c1d-putation-from-GET-api-opera-chromium/error-context.md

  2) [chromium] › tests-serve/board.spec.ts:114:3 › W-064 behaviour 7: transport dependence, reconnect reconciliation, coalescing, no writes › live case: an SSE-delivered greenlight moves the card, no reload, within two poll intervals 

    Error: expect(locator).toBeVisible() failed

    Locator: locator('.board__column[data-column-id="planned"] .board__card[data-card-id="W-007"]')
    Expected: visible
    Timeout: 11000ms
    Error: element(s) not found

    Call log:
      - Expect "toBeVisible" locator('.board__column[data-column-id="planned"] .board__card[data-card-id="W-007"]') with timeout 11000ms
      - waiting for locator('.board__column[data-column-id="planned"] .board__card[data-card-id="W-007"]')


      123 |     await forcePoll(served);
      124 |
    > 125 |     await expect(page.locator('.board__column[data-column-id="planned"] .board__card[data-card-id="W-007"]')).toBeVisible({ timeout: 11_000 });
          |                                                                                                               ^
      126 |     await expect(page.locator('.board__column[data-column-id="planned"] .board__backlog-footer')).toBeHidden();
      127 |
      128 |     await page.goto(`${served.baseURL}/#/inbox`);
        at /home/edckt/projects/bisellium/.worktrees/W-064/apps/web/tests-serve/board.spec.ts:125:111

    Error Context: test-results/board-W-064-behaviour-7-tr-56be1-d-within-two-poll-intervals-chromium/error-context.md

  3) [chromium] › tests-serve/board.spec.ts:165:3 › W-064 behaviour 7: transport dependence, reconnect reconciliation, coalescing, no writes › reconnect reconciliation: a change made while disconnected appears on reconnect, without a reload 

    Error: expect(locator).toHaveText(expected) failed

    Locator: locator('.board__card[data-card-id="W-002"] .board__card-title')
    Expected: "reconnected title"
    Timeout: 15000ms
    Error: element(s) not found

    Call log:
      - Expect "toHaveText" locator('.board__card[data-card-id="W-002"] .board__card-title') with timeout 15000ms
      - waiting for locator('.board__card[data-card-id="W-002"] .board__card-title')


      172 |     await context.setOffline(false);
      173 |
    > 174 |     await expect(page.locator('.board__card[data-card-id="W-002"] .board__card-title')).toHaveText("reconnected title", { timeout: 15_000 });
          |                                                                                         ^
      175 |
      176 |     await page.goto(`${served.baseURL}/#/inbox`);
      177 |     expect(counter.count()).toBe(0);
        at /home/edckt/projects/bisellium/.worktrees/W-064/apps/web/tests-serve/board.spec.ts:174:89

    Error Context: test-results/board-W-064-behaviour-7-tr-a11d4--reconnect-without-a-reload-chromium/error-context.md

  4) [chromium] › tests-serve/board.spec.ts:180:3 › W-064 behaviour 7: transport dependence, reconnect reconciliation, coalescing, no writes › reconnect repairs an OPEN DRAWER: an event appended while disconnected appears without closing/reopening 

    Test timeout of 30000ms exceeded.

    Error: locator.click: Test timeout of 30000ms exceeded.
    Call log:
      - waiting for locator('.board__card[data-card-id="W-002"]')


      183 |     await openBoard(page, served);
      184 |
    > 185 |     await page.locator('.board__card[data-card-id="W-002"]').click();
          |                                                              ^
      186 |     await expect(page.locator(".board-drawer")).toBeVisible();
      187 |
      188 |     await context.setOffline(true);
        at /home/edckt/projects/bisellium/.worktrees/W-064/apps/web/tests-serve/board.spec.ts:185:62

    Error Context: test-results/board-W-064-behaviour-7-tr-3e7d7-s-without-closing-reopening-chromium/error-context.md

  5) [chromium] › tests-serve/board.spec.ts:199:3 › W-064 behaviour 7: transport dependence, reconnect reconciliation, coalescing, no writes › coalescing: a poll delivering several frames issues exactly one /api/opera request 

    Error: expect(locator).toBeVisible() failed

    Locator: locator('.board__column[data-column-id="verifying"] .board__card[data-card-id="W-002"]')
    Expected: visible
    Timeout: 11000ms
    Error: element(s) not found

    Call log:
      - Expect "toBeVisible" locator('.board__column[data-column-id="verifying"] .board__card[data-card-id="W-002"]') with timeout 11000ms
      - waiting for locator('.board__column[data-column-id="verifying"] .board__card[data-card-id="W-002"]')


      212 |     await forcePoll(served);
      213 |
    > 214 |     await expect(page.locator('.board__column[data-column-id="verifying"] .board__card[data-card-id="W-002"]')).toBeVisible({ timeout: 11_000 });
          |                                                                                                                 ^
      215 |     await page.waitForTimeout(300); // let the trailing timer settle fully
      216 |     expect(opusRequests).toBe(1);
      217 |
        at /home/edckt/projects/bisellium/.worktrees/W-064/apps/web/tests-serve/board.spec.ts:214:113

    Error Context: test-results/board-W-064-behaviour-7-tr-42b7d-actly-one-api-opera-request-chromium/error-context.md

  5 failed
    [chromium] › tests-serve/board.spec.ts:99:3 › W-064 behaviour 7: transport dependence, reconnect reconciliation, coalescing, no writes › renders every column, each count equal to the spec's own computation from GET /api/opera 
    [chromium] › tests-serve/board.spec.ts:114:3 › W-064 behaviour 7: transport dependence, reconnect reconciliation, coalescing, no writes › live case: an SSE-delivered greenlight moves the card, no reload, within two poll intervals 
    [chromium] › tests-serve/board.spec.ts:165:3 › W-064 behaviour 7: transport dependence, reconnect reconciliation, coalescing, no writes › reconnect reconciliation: a change made while disconnected appears on reconnect, without a reload 
    [chromium] › tests-serve/board.spec.ts:180:3 › W-064 behaviour 7: transport dependence, reconnect reconciliation, coalescing, no writes › reconnect repairs an OPEN DRAWER: an event appended while disconnected appears without closing/reopening 
    [chromium] › tests-serve/board.spec.ts:199:3 › W-064 behaviour 7: transport dependence, reconnect reconciliation, coalescing, no writes › coalescing: a poll delivering several frames issues exactly one /api/opera request 
  1 passed (30.7s)
npm notice
npm notice New minor version of npm available! 11.13.0 -> 11.20.0
npm notice Changelog: https://github.com/npm/cli/releases/tag/v11.20.0
npm notice To update run: npm install -g npm@11.20.0
npm notice
