# behaviour: 1
# command: node --test-reporter=tap --import tsx --test-name-pattern=W-132-b1 packages/commands/src/run.test.ts
# exit: 1
# at: 2026-10-03T09:45:25.398Z
# sella: builder.W-132
# tree: tree:d83156c4df6b9db5eb615fcc584caec249988419

TAP version 13
# Subtest: W-132-b1 behaviour 1: the live rows are not gated on a socket
not ok 1 - W-132-b1 behaviour 1: the live rows are not gated on a socket
  ---
  duration_ms: 5.201572
  type: 'test'
  location: '/home/edckt/agents/bisellium/.worktrees/W-132/packages/commands/src/run.test.ts:246:735'
  failureType: 'testCodeFailure'
  error: 'b1: liveSkip is a socket refusal'
  code: 'ERR_ASSERTION'
  name: 'AssertionError'
  expected: 'socket-gated'
  actual: 'socket-gated'
  operator: 'notStrictEqual'
  stack: |-
    TestContext.<anonymous> (/home/edckt/agents/bisellium/.worktrees/W-132/packages/commands/src/run.test.ts:1109:12)
    Test.runInAsyncScope (node:async_hooks:226:14)
    Test.run (node:internal/test_runner/test:1201:25)
    Test.start (node:internal/test_runner/test:1096:17)
    startSubtestAfterBootstrap (node:internal/test_runner/harness:385:17)
  ...
1..1
# tests 1
# suites 0
# pass 0
# fail 1
# cancelled 0
# skipped 0
# todo 0
# duration_ms 87.988626
