# behaviour: 2
# command: node --test-reporter=tap --import tsx --test-name-pattern=W-132-b2 packages/commands/src/run.test.ts
# exit: 1
# at: 2026-10-03T09:45:26.031Z
# sella: builder.W-132
# tree: tree:d83156c4df6b9db5eb615fcc584caec249988419

TAP version 13
# Subtest: W-132-b2 behaviour 2: no socket primitive survives in the owned scripts
not ok 1 - W-132-b2 behaviour 2: no socket primitive survives in the owned scripts
  ---
  duration_ms: 7.121572
  type: 'test'
  location: '/home/edckt/agents/bisellium/.worktrees/W-132/packages/commands/src/run.test.ts:246:1477'
  failureType: 'testCodeFailure'
  error: |-
    b2: socket primitives remain in the owned scripts
    + actual - expected
    
    + {
    +   'run-builder-host.mjs': [
    +     'node:net',
    +     'createServer',
    +     'createConnection',
    +     '.sock'
    +   ]
    + }
    - {}
    
  code: 'ERR_ASSERTION'
  name: 'AssertionError'
  expected:
  actual:
    run-builder-host.mjs:
      0: 'node:net'
      1: 'createServer'
      2: 'createConnection'
      3: '.sock'
  operator: 'deepStrictEqual'
  stack: |-
    TestContext.<anonymous> (/home/edckt/agents/bisellium/.worktrees/W-132/packages/commands/src/run.test.ts:1136:12)
    Test.runInAsyncScope (node:async_hooks:226:14)
    Test.run (node:internal/test_runner/test:1201:25)
    Test.start (node:internal/test_runner/test:1096:17)
    startSubtestAfterBootstrap (node:internal/test_runner/harness:385:17)
  ...
1..1
# tests 1
# suites 0
# pass 0
# fail 1
# cancelled 0
# skipped 0
# todo 0
# duration_ms 80.748675
