# behaviour: 3
# command: node --test-reporter=tap --import tsx --test-name-pattern=W-132-b3 packages/commands/src/run.test.ts
# exit: 1
# at: 2026-10-03T09:45:26.622Z
# sella: builder.W-132
# tree: tree:d83156c4df6b9db5eb615fcc584caec249988419

TAP version 13
# Subtest: W-132-b3 behaviour 3: a git call reaches the host broker from any process depth
not ok 1 - W-132-b3 behaviour 3: a git call reaches the host broker from any process depth
  ---
  duration_ms: 4.938303
  type: 'test'
  location: '/home/edckt/agents/bisellium/.worktrees/W-132/packages/commands/src/run.test.ts:260:652'
  failureType: 'testCodeFailure'
  error: |-
    b3: scripts/git-cell-client.mjs exists as a standalone cell client
    
    false !== true
    
  code: 'ERR_ASSERTION'
  name: 'AssertionError'
  expected: true
  actual: false
  operator: 'strictEqual'
  stack: |-
    TestContext.<anonymous> (/home/edckt/agents/bisellium/.worktrees/W-132/packages/commands/src/run.test.ts:1173:12)
    Test.runInAsyncScope (node:async_hooks:226:14)
    Test.run (node:internal/test_runner/test:1201:25)
    Test.start (node:internal/test_runner/test:1096:17)
    startSubtestAfterBootstrap (node:internal/test_runner/harness:385:17)
  ...
1..1
# tests 1
# suites 0
# pass 0
# fail 1
# cancelled 0
# skipped 0
# todo 0
# duration_ms 81.125624
