# behaviour: 4
# command: node --test-reporter=tap --import tsx --test-name-pattern=W-132-b4 packages/commands/src/run.test.ts
# exit: 1
# at: 2026-10-03T09:45:27.210Z
# sella: builder.W-132
# tree: tree:d83156c4df6b9db5eb615fcc584caec249988419

TAP version 13
# Subtest: W-132-b4 behaviour 4: a hostile cell cannot make the host misbehave through the request pipe
not ok 1 - W-132-b4 behaviour 4: a hostile cell cannot make the host misbehave through the request pipe
  ---
  duration_ms: 5.178592
  type: 'test'
  location: '/home/edckt/agents/bisellium/.worktrees/W-132/packages/commands/src/run.test.ts:281:315'
  failureType: 'testCodeFailure'
  error: |-
    b4: scripts/git-broker.mjs exists as the transport module
    
    false !== true
    
  code: 'ERR_ASSERTION'
  name: 'AssertionError'
  expected: true
  actual: false
  operator: 'strictEqual'
  stack: |-
    TestContext.<anonymous> (/home/edckt/agents/bisellium/.worktrees/W-132/packages/commands/src/run.test.ts:1252:12)
    Test.runInAsyncScope (node:async_hooks:226:14)
    Test.run (node:internal/test_runner/test:1201:25)
    Test.start (node:internal/test_runner/test:1096:17)
    startSubtestAfterBootstrap (node:internal/test_runner/harness:385:17)
  ...
1..1
# tests 1
# suites 0
# pass 0
# fail 1
# cancelled 0
# skipped 0
# todo 0
# duration_ms 80.225521
