# behaviour: 1
# command: node --test-reporter=tap --test-name-pattern=W-162-b1 --import tsx packages/cli/src/next.test.ts
# exit: 1
# at: 2026-10-07T07:17:41.472Z
# sella: builder.W-162
# tree: tree:55ace0f79ee1388db096e90fc6a275faf94bd7e1

TAP version 13
# Subtest: W-162-b1 behaviour 1: a valid reviewer setting sends a signed spec to the reviewer, while bad settings and UI opera hold
not ok 1 - W-162-b1 behaviour 1: a valid reviewer setting sends a signed spec to the reviewer, while bad settings and UI opera hold
  ---
  duration_ms: 1465.043085
  type: 'test'
  location: '/home/edckt/agents/bisellium/.worktrees/W-162/packages/cli/src/next.test.ts:115:2465'
  failureType: 'testCodeFailure'
  error: |-
    a working-tree signature with no review: role: spec-reviewer
    --- exit 0
    --- stdout
    next: W-900 spec named
    actor: producer
    why: spec signed in the working tree, not committed
    command: bisellium next W-900 --perform --expect spec
    health: no step recorded
    
    --- stderr
    
    + actual - expected
    
    + undefined
    - 'spec-reviewer'
    
  code: 'ERR_ASSERTION'
  name: 'AssertionError'
  expected: 'spec-reviewer'
  operator: 'strictEqual'
  stack: |-
    reviewerOrder (/home/edckt/agents/bisellium/.worktrees/W-162/packages/cli/src/next.test.ts:3152:10)
    TestContext.<anonymous> (/home/edckt/agents/bisellium/.worktrees/W-162/packages/cli/src/next.test.ts:3181:3)
    Test.runInAsyncScope (node:async_hooks:226:14)
    Test.run (node:internal/test_runner/test:1201:25)
    Test.start (node:internal/test_runner/test:1096:17)
    startSubtestAfterBootstrap (node:internal/test_runner/harness:385:17)
  ...
1..1
# tests 1
# suites 0
# pass 0
# fail 1
# cancelled 0
# skipped 0
# todo 0
# duration_ms 1479.132905
