# behaviour: 3
# command: node --test-reporter=tap --test-name-pattern=W-162-b3 --import tsx packages/cli/src/next.test.ts
# exit: 1
# at: 2026-10-07T07:22:10.741Z
# sella: builder.W-162
# tree: tree:40c3fab24256645bb67da37ae748492e6a5dce47

TAP version 13
# Subtest: W-162-b3 behaviour 3: only a passed review after the newest architect signature unlocks commit, landing and branch
not ok 1 - W-162-b3 behaviour 3: only a passed review after the newest architect signature unlocks commit, landing and branch
  ---
  duration_ms: 1931.214534
  type: 'test'
  location: '/home/edckt/agents/bisellium/.worktrees/W-162/packages/cli/src/next.test.ts:116:3265'
  failureType: 'testCodeFailure'
  error: |-
    act: commit
    --- exit 1
    --- stdout
    next: W-900 spec held
    actor: producer
    why: ci/W-900-spec-2.log is a valid review of ci/W-900-spec-1.log; its outcome is not yet interpreted
    health: no step recorded
    
    --- stderr
    
  code: 'ERR_ASSERTION'
  name: 'AssertionError'
  expected:
  actual: 'ci/W-900-spec-2.log is a valid review of ci/W-900-spec-1.log; its outcome is not yet interpreted'
  operator: 'match'
  stack: |-
    TestContext.<anonymous> (/home/edckt/agents/bisellium/.worktrees/W-162/packages/cli/src/next.test.ts:3329:10)
    Test.runInAsyncScope (node:async_hooks:226:14)
    Test.run (node:internal/test_runner/test:1201:25)
    Test.start (node:internal/test_runner/test:1096:17)
    startSubtestAfterBootstrap (node:internal/test_runner/harness:385:17)
  ...
1..1
# tests 1
# suites 0
# pass 0
# fail 1
# cancelled 0
# skipped 0
# todo 0
# duration_ms 1944.290869
