# behaviour: 2
# command: node --test-reporter=tap --test-name-pattern=W-153-b2 --import tsx packages/core/src/completion.test.ts
# exit: 1
# at: 2026-10-06T08:42:10.424Z
# sella: builder.W-153
# tree: tree:0f6008160be2cbf9d63e9c424464e3c62f7c2fcc

TAP version 13
# Subtest: W-153-b2 behaviour 2: the estimate is the remaining points over the three-week mean, ranged by the fastest and slowest week
not ok 1 - W-153-b2 behaviour 2: the estimate is the remaining points over the three-week mean, ranged by the fastest and slowest week
  ---
  duration_ms: 2.829128
  type: 'test'
  location: '/home/edckt/agents/bisellium/.worktrees/W-153/packages/core/src/completion.test.ts:1:2024'
  failureType: 'testCodeFailure'
  error: |-
    Expected values to be strictly equal:
    
    'none' !== 'estimate'
    
  code: 'ERR_ASSERTION'
  name: 'AssertionError'
  expected: 'estimate'
  actual: 'none'
  operator: 'strictEqual'
  stack: |-
    TestContext.<anonymous> (/home/edckt/agents/bisellium/.worktrees/W-153/packages/core/src/completion.test.ts:54:10)
    Test.runInAsyncScope (node:async_hooks:226:14)
    Test.run (node:internal/test_runner/test:1201:25)
    Test.start (node:internal/test_runner/test:1096:17)
    startSubtestAfterBootstrap (node:internal/test_runner/harness:385:17)
  ...
1..1
# tests 1
# suites 0
# pass 0
# fail 1
# cancelled 0
# skipped 0
# todo 0
# duration_ms 9.840289
