# behaviour: 5
# command: node --test-reporter=tap --import tsx apps/server/test/completion.test.ts --test-name-pattern=W-153-b5
# exit: 1
# at: 2026-10-06T08:41:39.763Z
# sella: builder.W-153
# tree: tree:0f6008160be2cbf9d63e9c424464e3c62f7c2fcc

TAP version 13
GET /api/completion 404 1ms
# Subtest: W-153-b5 behaviour 5: GET /api/completion serves the same meter and estimate from the records
not ok 1 - W-153-b5 behaviour 5: GET /api/completion serves the same meter and estimate from the records
  ---
  duration_ms: 124.407408
  type: 'test'
  location: '/home/edckt/agents/bisellium/.worktrees/W-153/apps/server/test/completion.test.ts:4:384'
  failureType: 'testCodeFailure'
  error: |-
    Expected values to be strictly equal:
    
    404 !== 200
    
  code: 'ERR_ASSERTION'
  name: 'AssertionError'
  expected: 200
  actual: 404
  operator: 'strictEqual'
  stack: |-
    TestContext.<anonymous> (/home/edckt/agents/bisellium/.worktrees/W-153/apps/server/test/completion.test.ts:94:12)
    process.processTicksAndRejections (node:internal/process/task_queues:104:5)
    async Test.run (node:internal/test_runner/test:1208:7)
    async startSubtestAfterBootstrap (node:internal/test_runner/harness:385:3)
  ...
1..1
# tests 1
# suites 0
# pass 0
# fail 1
# cancelled 0
# skipped 0
# todo 0
# duration_ms 130.66354
