# behaviour: 1
# command: node --test-reporter=tap --import tsx --test-name-pattern=W-134-b1 packages/commands/src/run.test.ts
# exit: 1
# at: 2026-10-03T14:14:28.039Z
# sella: builder.W-134
# tree: tree:4bd2cbac2adac4a4ce4fd07958ec54f2d3c1632f

TAP version 13
# Subtest: W-134-b1 behaviour 1: a rebased branch mints a receipt that names the replayed commit
not ok 1 - W-134-b1 behaviour 1: a rebased branch mints a receipt that names the replayed commit
  ---
  duration_ms: 845.326347
  type: 'test'
  location: '/home/edckt/agents/bisellium/.worktrees/W-134/packages/commands/src/run.test.ts:1:4650'
  failureType: 'testCodeFailure'
  error: |-
    b1: the runner completes on a rebased branch
    
    1 !== 0
    
  code: 'ERR_ASSERTION'
  name: 'AssertionError'
  expected: 0
  actual: 1
  operator: 'strictEqual'
  stack: |-
    TestContext.<anonymous> (/home/edckt/agents/bisellium/.worktrees/W-134/packages/commands/src/run.test.ts:1579:12)
    async Test.run (node:internal/test_runner/test:1208:7)
    async startSubtestAfterBootstrap (node:internal/test_runner/harness:385:3)
  ...
1..1
# tests 1
# suites 0
# pass 0
# fail 1
# cancelled 0
# skipped 0
# todo 0
# duration_ms 861.491487
