# behaviour: 3
# command: node --test-reporter=tap --import tsx --test-name-pattern=W-134-b3 packages/commands/src/run.test.ts
# exit: 1
# at: 2026-10-03T14:14:30.521Z
# sella: builder.W-134
# tree: tree:4bd2cbac2adac4a4ce4fd07958ec54f2d3c1632f

TAP version 13
# Subtest: W-134-b3 behaviour 3: a replay that does not reproduce voids the red
not ok 1 - W-134-b3 behaviour 3: a replay that does not reproduce voids the red
  ---
  duration_ms: 635.985016
  type: 'test'
  location: '/home/edckt/agents/bisellium/.worktrees/W-134/packages/commands/src/run.test.ts:1:4650'
  failureType: 'testCodeFailure'
  error: |-
    b3a: names the behaviour and the commit tried
    
    false !== true
    
  code: 'ERR_ASSERTION'
  name: 'AssertionError'
  expected: true
  actual: false
  operator: 'strictEqual'
  stack: |-
    TestContext.<anonymous> (/home/edckt/agents/bisellium/.worktrees/W-134/packages/commands/src/run.test.ts:1631:12)
    async Test.run (node:internal/test_runner/test:1208:7)
    async startSubtestAfterBootstrap (node:internal/test_runner/harness:385:3)
  ...
1..1
# tests 1
# suites 0
# pass 0
# fail 1
# cancelled 0
# skipped 0
# todo 0
# duration_ms 653.42085
