# behaviour: 1
# command: node --test-reporter=tap --import tsx packages/cli/src/next.test.ts --behaviour 1
# exit: 1
# at: 2026-10-02T02:41:25.421Z
# sella: builder.W-124
# tree: tree:5c5c150f15fa0b6652604126fb65575da5598b47

TAP version 13
# Subtest: W-124 behaviour 1: the ladder names exactly one legal next step from evidence
not ok 1 - W-124 behaviour 1: the ladder names exactly one legal next step from evidence
  ---
  duration_ms: 243.667251
  type: 'test'
  location: '/home/edckt/projects/bisellium/.worktrees/W-124/packages/cli/src/next.test.ts:83:3181'
  failureType: 'testCodeFailure'
  error: |-
    backlog names greenlight
    --- exit 2
    --- stdout
    
    --- stderr
    flag --budget not allowed for "next"
    usage: bisellium check [dir] [--json] [--level block|advise] [--now <iso>] [--repo <dir>]
           bisellium init [dir] [--now <iso>] [--timezone <iana>]
           bisellium new --kind <kind> --collegium <collegium> --title <title> [--arc <id>] [--parent <id>] [--spec <path>] [--brief] [dir]
           bisellium instructions [--studio <dir>] [--repo <dir>] [--write] [--now <iso>]
           bisellium retro --cascade <N> [--from <json>] [--studio <dir>] [--now <iso>]
           bisellium context [--sella <sella>] [dir | --studio <dir>] [--now <iso>] [--max-tokens <n>]
          
    + actual - expected
    
    + ''
    - 'next: W-900 greenlight named'
    
  code: 'ERR_ASSERTION'
  name: 'AssertionError'
  expected: 'next: W-900 greenlight named'
  actual: ''
  operator: 'strictEqual'
  stack: |-
    expectStep (/home/edckt/projects/bisellium/.worktrees/W-124/packages/cli/src/next.test.ts:729:10)
    rung (/home/edckt/projects/bisellium/.worktrees/W-124/packages/cli/src/next.test.ts:889:7)
    TestContext.<anonymous> (/home/edckt/projects/bisellium/.worktrees/W-124/packages/cli/src/next.test.ts:900:5)
    Test.runInAsyncScope (node:async_hooks:226:14)
    Test.run (node:internal/test_runner/test:1201:25)
    Test.start (node:internal/test_runner/test:1096:17)
    startSubtestAfterBootstrap (node:internal/test_runner/harness:385:17)
  ...
1..1
# tests 1
# suites 0
# pass 0
# fail 1
# cancelled 0
# skipped 0
# todo 0
# duration_ms 291.373542
