# behaviour: 1
# command: node --test docs/research/maps-repair-driver.test.mjs
# exit: 1
# at: 2026-09-28T09:01:45.679Z
# sella: builder-sol
# tree: dirty:66e49a4471d1f3389fa7a9e6c151086e4332cd43

✖ Behaviour 1 output containment and exclusive creation (3.381151ms)
ℹ tests 1
ℹ suites 0
ℹ pass 0
ℹ fail 1
ℹ cancelled 0
ℹ skipped 0
ℹ todo 0
ℹ duration_ms 99.433122

✖ failing tests:

test at docs/research/maps-repair-driver.test.mjs:10:14
✖ Behaviour 1 output containment and exclusive creation (3.381151ms)
  Error: W-105 implementation pending
      at pending (file:///home/edckt/projects/bisellium/.worktrees/maps-lookup-experiment/docs/research/maps-repair-driver.mjs:2:31)
      at TestContext.<anonymous> (file:///home/edckt/projects/bisellium/.worktrees/maps-lookup-experiment/docs/research/maps-repair-driver.test.mjs:10:197)
      at async Test.run (node:internal/test_runner/test:1208:7)
      at async startSubtestAfterBootstrap (node:internal/test_runner/harness:385:3)
