# behaviour: 2
# command: node --test docs/research/maps-repair-driver.test.mjs
# exit: 1
# at: 2026-09-28T09:02:12.730Z
# sella: builder-sol
# tree: dirty:66e49a4471d1f3389fa7a9e6c151086e4332cd43

✖ Behaviour 2 strict source admission (5.085081ms)
ℹ tests 1
ℹ suites 0
ℹ pass 0
ℹ fail 1
ℹ cancelled 0
ℹ skipped 0
ℹ todo 0
ℹ duration_ms 105.076932

✖ failing tests:

test at docs/research/maps-repair-driver.test.mjs:11:14
✖ Behaviour 2 strict source admission (5.085081ms)
  Error: W-105 implementation pending
      at pending (file:///home/edckt/projects/bisellium/.worktrees/maps-lookup-experiment/docs/research/maps-repair-driver.mjs:2:31)
      at TestContext.<anonymous> (file:///home/edckt/projects/bisellium/.worktrees/maps-lookup-experiment/docs/research/maps-repair-driver.test.mjs:11:223)
      at async Test.run (node:internal/test_runner/test:1208:7)
      at async startSubtestAfterBootstrap (node:internal/test_runner/harness:385:3)
