# behaviour: 3
# command: node --import tsx docs/research/read-efficiency/W-109-public-canary.test.mjs b3 .
# exit: 1
# at: 2026-09-29T04:23:35.285Z
# sella: builder-sol
# tree: dirty:ceffdf2b12cf5dd67983b9ff44695e75ac1b889e

node:internal/modules/run_main:107
    triggerUncaughtException(
    ^

AssertionError [ERR_ASSERTION]: Expected values to be strictly equal:
+ actual - expected

+ undefined
- 'PASS'

    at behaviour3 (file:///home/edckt/projects/bisellium/.worktrees/maps-lookup-experiment/docs/research/read-efficiency/W-109-public-canary.test.mjs:192:10)
    at file:///home/edckt/projects/bisellium/.worktrees/maps-lookup-experiment/docs/research/read-efficiency/W-109-public-canary.test.mjs:231:36
    at ModuleJob.run (node:internal/modules/esm/module_job:437:25)
    at async onImport.tracePromise.__proto__ (node:internal/modules/esm/loader:639:26)
    at async asyncRunEntryPointWithESMLoader (node:internal/modules/run_main:101:5) {
  generatedMessage: true,
  code: 'ERR_ASSERTION',
  actual: undefined,
  expected: 'PASS',
  operator: 'strictEqual',
  diff: 'simple'
}

Node.js v25.9.0
