# behaviour: 1
# command: node --test-reporter=tap --import ./test/support/register-css-stub.mjs --import tsx test/board-truth.test.ts --behaviour 1
# exit: 1
# at: 2026-10-02T18:45:03.893Z
# sella: builder.W-129
# tree: tree:0d733130fc68f9bf0719fba2a1b2ebc3680e7c45

TAP version 13
# Subtest: W-129 behaviour 1: backlog opera are cards in Planned, after the greenlit ones
not ok 1 - W-129 behaviour 1: backlog opera are cards in Planned, after the greenlit ones
  ---
  duration_ms: 3.970495
  type: 'test'
  location: '/home/edckt/projects/bisellium/.worktrees/W-129/apps/web/test/board-truth.test.ts:1:1916'
  failureType: 'testCodeFailure'
  error: |-
    1(b): Planned holds the greenlit cards, then the backlog cards
    + actual - expected
    
      [
        'W-1',
        'W-5',
    -   'W-2',
    -   'W-3'
      ]
    
  code: 'ERR_ASSERTION'
  name: 'AssertionError'
  expected:
    0: 'W-1'
    1: 'W-5'
    2: 'W-2'
    3: 'W-3'
  actual:
    0: 'W-1'
    1: 'W-5'
  operator: 'deepStrictEqual'
  stack: |-
    TestContext.<anonymous> (/home/edckt/projects/bisellium/.worktrees/W-129/apps/web/test/board-truth.test.ts:93:12)
    Test.runInAsyncScope (node:async_hooks:226:14)
    Test.run (node:internal/test_runner/test:1201:25)
    Test.start (node:internal/test_runner/test:1096:17)
    startSubtestAfterBootstrap (node:internal/test_runner/harness:385:17)
  ...
1..1
# tests 1
# suites 0
# pass 0
# fail 1
# cancelled 0
# skipped 0
# todo 0
# duration_ms 13.396026
