# behaviour: 8
# command: node --test-reporter=tap --import tsx apps/server/test/branch-records.test.ts --behaviour 8
# exit: 1
# at: 2026-10-02T18:45:20.611Z
# sella: builder.W-129
# tree: tree:0d733130fc68f9bf0719fba2a1b2ebc3680e7c45

TAP version 13
POST /api/_poll 200 11ms
# Subtest: W-129 behaviour 8: a hung or slow git never blocks serve
not ok 1 - W-129 behaviour 8: a hung or slow git never blocks serve
  ---
  duration_ms: 160.912387
  type: 'test'
  location: '/home/edckt/projects/bisellium/.worktrees/W-129/apps/server/test/branch-records.test.ts:16:9087'
  failureType: 'testCodeFailure'
  error: |-
    8(a): the shim announced itself while the poll was still pending
    + actual - expected
    
    + 'poll-settled'
    - 'announced'
    
  code: 'ERR_ASSERTION'
  name: 'AssertionError'
  expected: 'announced'
  actual: 'poll-settled'
  operator: 'strictEqual'
  stack: |-
    <anonymous> (/home/edckt/projects/bisellium/.worktrees/W-129/apps/server/test/branch-records.test.ts:836:16)
    process.processTicksAndRejections (node:internal/process/task_queues:104:5)
    async serving (/home/edckt/projects/bisellium/.worktrees/W-129/apps/server/test/branch-records.test.ts:309:12)
    async TestContext.<anonymous> (/home/edckt/projects/bisellium/.worktrees/W-129/apps/server/test/branch-records.test.ts:825:7)
    async Test.run (node:internal/test_runner/test:1208:7)
    async startSubtestAfterBootstrap (node:internal/test_runner/harness:385:3)
  ...
1..1
# tests 1
# suites 0
# pass 0
# fail 1
# cancelled 0
# skipped 0
# todo 0
# duration_ms 170.845248
