# behaviour: 9
# command: node --test-reporter=tap --import tsx apps/server/test/branch-records.test.ts --behaviour 9
# exit: 1
# at: 2026-10-02T18:45:21.186Z
# sella: builder.W-129
# tree: tree:0d733130fc68f9bf0719fba2a1b2ebc3680e7c45

TAP version 13
GET /api/officina 200 4ms
# Subtest: W-129 behaviour 9: degraded branch records are reported, not silently turned into the trunk's stale copy
not ok 1 - W-129 behaviour 9: degraded branch records are reported, not silently turned into the trunk's stale copy
  ---
  duration_ms: 139.747527
  type: 'test'
  location: '/home/edckt/projects/bisellium/.worktrees/W-129/apps/server/test/branch-records.test.ts:18:1758'
  failureType: 'testCodeFailure'
  error: '9(a): /api/officina carries branchRecords'
  code: 'ERR_ASSERTION'
  name: 'AssertionError'
  expected: true
  operator: '=='
  stack: |-
    <anonymous> (/home/edckt/projects/bisellium/.worktrees/W-129/apps/server/test/branch-records.test.ts:896:14)
    process.processTicksAndRejections (node:internal/process/task_queues:104:5)
    async serving (/home/edckt/projects/bisellium/.worktrees/W-129/apps/server/test/branch-records.test.ts:309:12)
    async TestContext.<anonymous> (/home/edckt/projects/bisellium/.worktrees/W-129/apps/server/test/branch-records.test.ts:894:5)
    async Test.run (node:internal/test_runner/test:1208:7)
    async startSubtestAfterBootstrap (node:internal/test_runner/harness:385:3)
  ...
1..1
# tests 1
# suites 0
# pass 0
# fail 1
# cancelled 0
# skipped 0
# todo 0
# duration_ms 150.363545
