# behaviour: 11
# command: node --test-reporter=tap --import tsx packages/cli/src/stage-states.test.ts --behaviour 11
# exit: 1
# at: 2026-10-02T18:45:22.755Z
# sella: builder.W-129
# tree: tree:0d733130fc68f9bf0719fba2a1b2ebc3680e7c45

TAP version 13
# Subtest: W-129 behaviour 11: verify ends in review, building or verifying, by this run's evidence
not ok 1 - W-129 behaviour 11: verify ends in review, building or verifying, by this run's evidence
  ---
  duration_ms: 76.308074
  type: 'test'
  location: '/home/edckt/projects/bisellium/.worktrees/W-129/packages/cli/src/stage-states.test.ts:7:5087'
  failureType: 'testCodeFailure'
  error: |-
    11(a): the events are building -> verifying then verifying -> building
    + actual - expected
    
    + []
    - [
    -   'building->verifying',
    -   'verifying->building'
    - ]
    
  code: 'ERR_ASSERTION'
  name: 'AssertionError'
  expected:
    0: 'building->verifying'
    1: 'verifying->building'
  actual:
  operator: 'deepStrictEqual'
  stack: |-
    TestContext.<anonymous> (/home/edckt/projects/bisellium/.worktrees/W-129/packages/cli/src/stage-states.test.ts:403:14)
    async Test.run (node:internal/test_runner/test:1208:7)
    async startSubtestAfterBootstrap (node:internal/test_runner/harness:385:3)
  ...
1..1
# tests 1
# suites 0
# pass 0
# fail 1
# cancelled 0
# skipped 0
# todo 0
# duration_ms 85.381197
