# behaviour: 13
# command: node --test-reporter=tap --import tsx packages/cli/src/stage-states.test.ts --behaviour 13
# exit: 1
# at: 2026-10-02T18:45:23.998Z
# sella: builder.W-129
# tree: tree:0d733130fc68f9bf0719fba2a1b2ebc3680e7c45

TAP version 13
# Subtest: W-129 behaviour 13: a failed review blocks review only while it is provably of the certified tree
not ok 1 - W-129 behaviour 13: a failed review blocks review only while it is provably of the certified tree
  ---
  duration_ms: 375.595569
  type: 'test'
  location: '/home/edckt/projects/bisellium/.worktrees/W-129/packages/cli/src/stage-states.test.ts:7:14812'
  failureType: 'testCodeFailure'
  error: |-
    13(m): a failed review of an older tree gives no state.review.failed block
    
    1 !== 0
    
  code: 'ERR_ASSERTION'
  name: 'AssertionError'
  expected: 0
  actual: 1
  operator: 'strictEqual'
  stack: |-
    TestContext.<anonymous> (/home/edckt/projects/bisellium/.worktrees/W-129/packages/cli/src/stage-states.test.ts:726:12)
    Test.runInAsyncScope (node:async_hooks:226:14)
    Test.run (node:internal/test_runner/test:1201:25)
    Test.start (node:internal/test_runner/test:1096:17)
    startSubtestAfterBootstrap (node:internal/test_runner/harness:385:17)
  ...
1..1
# tests 1
# suites 0
# pass 0
# fail 1
# cancelled 0
# skipped 0
# todo 0
# duration_ms 387.339601
