# behaviour: 2
# command: env TSX_TSCONFIG_PATH=apps/web/tsconfig.json node --test-reporter=tap --import ./apps/web/test/support/register-css-stub.mjs --import tsx apps/web/test/officina-truth.test.ts --behaviour 2
# exit: 1
# at: 2026-10-04T22:18:12.168Z
# sella: builder.W-077
# tree: tree:c625b4ecc16188fd8b989b2f62d38d57b600ee80

TAP version 13
# Subtest: W-077 behaviour 2: Engine State is gone, and an empty due list is named
not ok 1 - W-077 behaviour 2: Engine State is gone, and an empty due list is named
  ---
  duration_ms: 19.725608
  type: 'test'
  location: '/home/edckt/agents/bisellium/.worktrees/W-077/apps/web/test/officina-truth.test.ts:1:3601'
  failureType: 'testCodeFailure'
  error: 'Engine state is not rendered (paused=true)'
  code: 'ERR_ASSERTION'
  name: 'AssertionError'
  expected: true
  actual: false
  operator: '=='
  stack: |-
    TestContext.<anonymous> (/home/edckt/agents/bisellium/.worktrees/W-077/apps/web/test/officina-truth.test.ts:129:16)
    Test.runInAsyncScope (node:async_hooks:226:14)
    Test.run (node:internal/test_runner/test:1201:25)
    Test.start (node:internal/test_runner/test:1096:17)
    startSubtestAfterBootstrap (node:internal/test_runner/harness:385:17)
  ...
1..1
# tests 1
# suites 0
# pass 0
# fail 1
# cancelled 0
# skipped 0
# todo 0
# duration_ms 55.54043
