# behaviour: 4
# command: env TSX_TSCONFIG_PATH=apps/web/tsconfig.json node --test-reporter=tap --import ./apps/web/test/support/register-css-stub.mjs --import tsx apps/web/test/officina-truth.test.ts --behaviour 4
# exit: 1
# at: 2026-10-04T22:19:27.238Z
# sella: builder.W-077
# tree: tree:25aa8a90ec357bcd9a80b3f0a4ba8e534b973dfa

TAP version 13
# Subtest: W-077 behaviour 4: the aerarium panel names its state, and a failure is never dressed as data
not ok 1 - W-077 behaviour 4: the aerarium panel names its state, and a failure is never dressed as data
  ---
  duration_ms: 17.071039
  type: 'test'
  location: '/home/edckt/agents/bisellium/.worktrees/W-077/apps/web/test/officina-truth.test.ts:1:4887'
  failureType: 'testCodeFailure'
  error: 'the empty state names the missing allocation'
  code: 'ERR_ASSERTION'
  name: 'AssertionError'
  expected: true
  actual: false
  operator: '=='
  stack: |-
    TestContext.<anonymous> (/home/edckt/agents/bisellium/.worktrees/W-077/apps/web/test/officina-truth.test.ts:151:12)
    Test.runInAsyncScope (node:async_hooks:226:14)
    Test.run (node:internal/test_runner/test:1201:25)
    Test.start (node:internal/test_runner/test:1096:17)
    startSubtestAfterBootstrap (node:internal/test_runner/harness:385:17)
  ...
1..1
# tests 1
# suites 0
# pass 0
# fail 1
# cancelled 0
# skipped 0
# todo 0
# duration_ms 55.698224
