# behaviour: 1
# command: node --test-reporter=tap --test-name-pattern=W-203-b1 --import tsx scripts/ci-scope.test.mjs
# exit: 1
# at: 2026-10-09T22:16:44.362Z
# sella: builder.W-203
# tree: tree:f6e51f2afeba8ffea62a845b800f8d727f6f4b8c

TAP version 13
# Subtest: W-203-b1 behaviour 1: pull requests and merge groups classify against their event base
not ok 1 - W-203-b1 behaviour 1: pull requests and merge groups classify against their event base
  ---
  duration_ms: 15.030999
  type: 'test'
  location: '/home/edckt/agents/bisellium/.worktrees/W-203/scripts/ci-scope.test.mjs:455:1'
  failureType: 'testCodeFailure'
  error: |-
    gates's scope step runs on a pull request and a merge group
    + actual - expected
    
    + "github.event_name == 'pull_request'"
    - "github.event_name == 'pull_request' || github.event_name == 'merge_group'"
    
  code: 'ERR_ASSERTION'
  name: 'AssertionError'
  expected: "github.event_name == 'pull_request' || github.event_name == 'merge_group'"
  actual: "github.event_name == 'pull_request'"
  operator: 'strictEqual'
  stack: |-
    TestContext.<anonymous> (/home/edckt/agents/bisellium/.worktrees/W-203/scripts/ci-scope.test.mjs:463:12)
    async Test.run (node:internal/test_runner/test:1208:7)
    async startSubtestAfterBootstrap (node:internal/test_runner/harness:385:3)
  ...
1..1
# tests 1
# suites 0
# pass 0
# fail 1
# cancelled 0
# skipped 0
# todo 0
# duration_ms 27.074942
