# behaviour: 1
# command: node --test-reporter=tap --import tsx packages/cli/src/ladder-followon.test.ts --behaviour 1
# exit: 1
# at: 2026-10-02T11:33:10.475Z
# sella: builder.W-128
# tree: tree:da60f7a7d456c6c318586cc890fccc3fc035c463

TAP version 13
# Subtest: W-128 behaviour 1: the retired scripts are gone, and nothing live names them
not ok 1 - W-128 behaviour 1: the retired scripts are gone, and nothing live names them
  ---
  duration_ms: 5.966214
  type: 'test'
  location: '/home/edckt/projects/bisellium/.worktrees/W-128/packages/cli/src/ladder-followon.test.ts:6:4209'
  failureType: 'testCodeFailure'
  error: |-
    1a: scripts/open-pr.sh does not exist on disk
    
    true !== false
    
  code: 'ERR_ASSERTION'
  name: 'AssertionError'
  expected: false
  actual: true
  operator: 'strictEqual'
  stack: |-
    TestContext.<anonymous> (/home/edckt/projects/bisellium/.worktrees/W-128/packages/cli/src/ladder-followon.test.ts:210:12)
    Test.runInAsyncScope (node:async_hooks:226:14)
    Test.run (node:internal/test_runner/test:1201:25)
    Test.start (node:internal/test_runner/test:1096:17)
    startSubtestAfterBootstrap (node:internal/test_runner/harness:385:17)
  ...
1..1
# tests 1
# suites 0
# pass 0
# fail 1
# cancelled 0
# skipped 0
# todo 0
# duration_ms 14.182599
