# behaviour: 2
# command: node --test-reporter=tap --import tsx packages/cli/src/ladder-followon.test.ts --behaviour 2
# exit: 1
# at: 2026-10-02T13:42:59.055Z
# sella: builder.W-128
# tree: tree:d3ac62afc69cf7c3f7c5b2fe16ea829a1ee6839f

TAP version 13
# Subtest: W-128 behaviour 2: the parity pins are gone and the suite still guards what the verb does
not ok 1 - W-128 behaviour 2: the parity pins are gone and the suite still guards what the verb does
  ---
  duration_ms: 3.111032
  type: 'test'
  location: '/home/edckt/projects/bisellium/.worktrees/W-128/packages/cli/src/ladder-followon.test.ts:7:91'
  failureType: 'testCodeFailure'
  error: '2b: next.test.ts does not name open-pr.sh'
  code: 'ERR_ASSERTION'
  name: 'AssertionError'
  expected: true
  actual: false
  operator: '=='
  stack: |-
    TestContext.<anonymous> (/home/edckt/projects/bisellium/.worktrees/W-128/packages/cli/src/ladder-followon.test.ts:233:12)
    Test.runInAsyncScope (node:async_hooks:226:14)
    Test.run (node:internal/test_runner/test:1201:25)
    Test.start (node:internal/test_runner/test:1096:17)
    startSubtestAfterBootstrap (node:internal/test_runner/harness:385:17)
  ...
1..1
# tests 1
# suites 0
# pass 0
# fail 1
# cancelled 0
# skipped 0
# todo 0
# duration_ms 14.516739
