# behaviour: 3
# command: node --test-reporter=tap --import tsx packages/cli/src/ladder-followon.test.ts --behaviour 3
# exit: 1
# at: 2026-10-02T11:33:11.313Z
# sella: builder.W-128
# tree: tree:da60f7a7d456c6c318586cc890fccc3fc035c463

TAP version 13
# Subtest: W-128 behaviour 3: a current, checked-out master is not a hold
not ok 1 - W-128 behaviour 3: a current, checked-out master is not a hold
  ---
  duration_ms: 48.514674
  type: 'test'
  location: '/home/edckt/projects/bisellium/.worktrees/W-128/packages/cli/src/ladder-followon.test.ts:7:1774'
  failureType: 'testCodeFailure'
  error: |-
    3b: fetchTrunk(clone) returns ok (master is checked out at <fx>/clone, so it cannot be fetched into; run there: git -C <fx>/clone pull --ff-only origin master)
    
    false !== true
    
  code: 'ERR_ASSERTION'
  name: 'AssertionError'
  expected: true
  actual: false
  operator: 'strictEqual'
  stack: |-
    TestContext.<anonymous> (/home/edckt/projects/bisellium/.worktrees/W-128/packages/cli/src/ladder-followon.test.ts:264:12)
    Test.runInAsyncScope (node:async_hooks:226:14)
    Test.run (node:internal/test_runner/test:1201:25)
    Test.start (node:internal/test_runner/test:1096:17)
    startSubtestAfterBootstrap (node:internal/test_runner/harness:385:17)
  ...
1..1
# tests 1
# suites 0
# pass 0
# fail 1
# cancelled 0
# skipped 0
# todo 0
# duration_ms 58.236439
