# behaviour: 4
# command: node --test-reporter=tap --import tsx packages/cli/src/ladder-followon.test.ts --behaviour 4
# exit: 1
# at: 2026-10-02T13:42:59.914Z
# sella: builder.W-128
# tree: tree:d3ac62afc69cf7c3f7c5b2fe16ea829a1ee6839f

TAP version 13
# Subtest: W-128 behaviour 4: a clean checked-out master that is behind is fast-forwarded to the reviewed merge commit and no further
not ok 1 - W-128 behaviour 4: a clean checked-out master that is behind is fast-forwarded to the reviewed merge commit and no further
  ---
  duration_ms: 75.332797
  type: 'test'
  location: '/home/edckt/projects/bisellium/.worktrees/W-128/packages/cli/src/ladder-followon.test.ts:7:2994'
  failureType: 'testCodeFailure'
  error: |-
    4b: fetchTrunk(clone, C1) returns ok (master is checked out at <fx>/clone, so it cannot be fetched into; run there: git -C <fx>/clone pull --ff-only origin master)
    
    false !== true
    
  code: 'ERR_ASSERTION'
  name: 'AssertionError'
  expected: true
  actual: false
  operator: 'strictEqual'
  stack: |-
    TestContext.<anonymous> (/home/edckt/projects/bisellium/.worktrees/W-128/packages/cli/src/ladder-followon.test.ts:290:12)
    Test.runInAsyncScope (node:async_hooks:226:14)
    Test.run (node:internal/test_runner/test:1201:25)
    Test.start (node:internal/test_runner/test:1096:17)
    startSubtestAfterBootstrap (node:internal/test_runner/harness:385:17)
  ...
1..1
# tests 1
# suites 0
# pass 0
# fail 1
# cancelled 0
# skipped 0
# todo 0
# duration_ms 84.780662
