# behaviour: 8
# command: node --test-reporter=tap --import tsx packages/cli/src/ladder-followon.test.ts --behaviour 8
# exit: 1
# at: 2026-10-02T11:33:13.669Z
# sella: builder.W-128
# tree: tree:da60f7a7d456c6c318586cc890fccc3fc035c463

TAP version 13
# Subtest: W-128 behaviour 8: red says so when it records a dirty-tree identity
not ok 1 - W-128 behaviour 8: red says so when it records a dirty-tree identity
  ---
  duration_ms: 834.841598
  type: 'test'
  location: '/home/edckt/projects/bisellium/.worktrees/W-128/packages/cli/src/ladder-followon.test.ts:10:3468'
  failureType: 'testCodeFailure'
  error: |-
    8d: exactly one stderr line begins red: warning:
    
    0 !== 1
    
  code: 'ERR_ASSERTION'
  name: 'AssertionError'
  expected: 1
  actual: 0
  operator: 'strictEqual'
  stack: |-
    TestContext.<anonymous> (/home/edckt/projects/bisellium/.worktrees/W-128/packages/cli/src/ladder-followon.test.ts:546:12)
    Test.runInAsyncScope (node:async_hooks:226:14)
    Test.run (node:internal/test_runner/test:1201:25)
    Test.start (node:internal/test_runner/test:1096:17)
    startSubtestAfterBootstrap (node:internal/test_runner/harness:385:17)
  ...
1..1
# tests 1
# suites 0
# pass 0
# fail 1
# cancelled 0
# skipped 0
# todo 0
# duration_ms 845.881819
