# behaviour: 1
# command: node --test-reporter=tap --import tsx apps/web/src/lib/nav-source.test.ts --behaviour 1
# exit: 1
# at: 2026-10-03T02:28:31.706Z
# sella: builder.W-110
# tree: tree:cee059e333ab551c5c407883bfd1d592932c2d54

TAP version 13
# Subtest: W-110 behaviour 1: the rail's entries and the router's map are one table
not ok 1 - W-110 behaviour 1: the rail's entries and the router's map are one table
  ---
  duration_ms: 1.935754
  type: 'test'
  location: '/home/edckt/projects/bisellium/.worktrees/W-110/apps/web/src/lib/nav-source.test.ts:1:689'
  failureType: 'testCodeFailure'
  error: '(b) nav.js exports NAV_ENTRIES'
  code: 'ERR_ASSERTION'
  name: 'AssertionError'
  expected: true
  operator: '=='
  stack: |-
    TestContext.<anonymous> (/home/edckt/projects/bisellium/.worktrees/W-110/apps/web/src/lib/nav-source.test.ts:44:12)
    Test.runInAsyncScope (node:async_hooks:226:14)
    Test.run (node:internal/test_runner/test:1201:25)
    Test.start (node:internal/test_runner/test:1096:17)
    startSubtestAfterBootstrap (node:internal/test_runner/harness:385:17)
  ...
1..1
# tests 1
# suites 0
# pass 0
# fail 1
# cancelled 0
# skipped 0
# todo 0
# duration_ms 8.070438
