# behaviour: 8
# command: node --test-reporter=tap --import tsx apps/web/test/served-config.test.ts --behaviour 8
# exit: 1
# at: 2026-10-03T02:28:57.991Z
# sella: builder.W-110
# tree: tree:cee059e333ab551c5c407883bfd1d592932c2d54

TAP version 13
# Subtest: W-110 behaviour 8: the served suite builds the bundle before any spec runs, and nothing builds it twice
not ok 1 - W-110 behaviour 8: the served suite builds the bundle before any spec runs, and nothing builds it twice
  ---
  duration_ms: 285.847535
  type: 'test'
  location: '/home/edckt/projects/bisellium/.worktrees/W-110/apps/web/test/served-config.test.ts:1:1063'
  failureType: 'testCodeFailure'
  error: |-
    (b) the config's globalSetup is ./tests-serve/global-setup.ts
    + actual - expected
    
    + undefined
    - './tests-serve/global-setup.ts'
    
  code: 'ERR_ASSERTION'
  name: 'AssertionError'
  expected: './tests-serve/global-setup.ts'
  operator: 'strictEqual'
  stack: |-
    TestContext.<anonymous> (/home/edckt/projects/bisellium/.worktrees/W-110/apps/web/test/served-config.test.ts:60:12)
    async Test.run (node:internal/test_runner/test:1208:7)
    async startSubtestAfterBootstrap (node:internal/test_runner/harness:385:3)
  ...
1..1
# tests 1
# suites 0
# pass 0
# fail 1
# cancelled 0
# skipped 0
# todo 0
# duration_ms 292.120817
