# behaviour: 1
# command: node --test-reporter=tap --test-name-pattern=W-197-b1 --import tsx packages/cli/src/next.test.ts
# exit: 1
# at: 2026-10-09T05:16:22.241Z
# sella: builder.W-197
# tree: tree:774addc4da03efe919b97fe9ebae715dbba78dc7

TAP version 13
# Subtest: W-197-b1 behaviour 1: .github/ is a Patron path for every existing Patron hold
not ok 1 - W-197-b1 behaviour 1: .github/ is a Patron path for every existing Patron hold
  ---
  duration_ms: 3468.977284
  type: 'test'
  location: '/home/edckt/agents/bisellium/.worktrees/W-197/packages/cli/src/next.test.ts:142:12601'
  failureType: 'testCodeFailure'
  error: |-
    merge: held
    --- exit 0
    --- stdout
    next: W-900 merge performed
    local master -> b6066ef
    state=MERGED
    next-step: cleanup
    
    --- stderr
    
  code: 'ERR_ASSERTION'
  name: 'AssertionError'
  expected:
  actual: 'next: W-900 merge performed'
  operator: 'match'
  stack: |-
    expectHeld (/home/edckt/agents/bisellium/.worktrees/W-197/packages/cli/src/next.test.ts:884:10)
    TestContext.<anonymous> (/home/edckt/agents/bisellium/.worktrees/W-197/packages/cli/src/next.test.ts:4310:3)
    Test.runInAsyncScope (node:async_hooks:226:14)
    Test.run (node:internal/test_runner/test:1201:25)
    Test.start (node:internal/test_runner/test:1096:17)
    startSubtestAfterBootstrap (node:internal/test_runner/harness:385:17)
  ...
1..1
# tests 1
# suites 0
# pass 0
# fail 1
# cancelled 0
# skipped 0
# todo 0
# duration_ms 3487.851176
