# behaviour: 2
# command: node --test-reporter=tap --test-name-pattern=W-197-b2 --import tsx packages/cli/src/next.test.ts
# exit: 1
# at: 2026-10-09T05:18:49.238Z
# sella: builder.W-197
# tree: tree:de1c197179284fd11c1f9a97dfc4a8bb77cd72cf

TAP version 13
# Subtest: W-197-b2 behaviour 2: .github/CODEOWNERS names @edckt for /.github/, itself included
not ok 1 - W-197-b2 behaviour 2: .github/CODEOWNERS names @edckt for /.github/, itself included
  ---
  duration_ms: 8.489284
  type: 'test'
  location: '/home/edckt/agents/bisellium/.worktrees/W-197/packages/cli/src/next.test.ts:142:15896'
  failureType: 'testCodeFailure'
  error: '.github/CODEOWNERS exists'
  code: 'ERR_ASSERTION'
  name: 'AssertionError'
  expected: true
  actual: false
  operator: '=='
  stack: |-
    TestContext.<anonymous> (/home/edckt/agents/bisellium/.worktrees/W-197/packages/cli/src/next.test.ts:4363:10)
    Test.runInAsyncScope (node:async_hooks:226:14)
    Test.run (node:internal/test_runner/test:1201:25)
    Test.start (node:internal/test_runner/test:1096:17)
    startSubtestAfterBootstrap (node:internal/test_runner/harness:385:17)
  ...
1..1
# tests 1
# suites 0
# pass 0
# fail 1
# cancelled 0
# skipped 0
# todo 0
# duration_ms 21.550909
