# behaviour: 1
# command: node --test-reporter=tap --import tsx packages/cli/src/rules/tests.test.ts --behaviour 1
# exit: 1
# at: 2026-10-02T06:31:18.949Z
# sella: builder.W-121
# tree: tree:05339b438c1fadd3bcdfc0c54028a43e0a4edd59

TAP version 13
# Subtest: W-121 behaviour 1: an unannotated sleep in a scanned test file is a blocking test.sleep finding, and only there
not ok 1 - W-121 behaviour 1: an unannotated sleep in a scanned test file is a blocking test.sleep finding, and only there
  ---
  duration_ms: 53.972205
  type: 'test'
  location: '/home/edckt/projects/bisellium/.worktrees/W-121/packages/cli/src/rules/tests.test.ts:1:5451'
  failureType: 'testCodeFailure'
  error: |-
    row 1: a bare timer in x.test.ts: expected exactly one test.sleep finding, got 0 ()
    
    0 !== 1
    
  code: 'ERR_ASSERTION'
  name: 'AssertionError'
  expected: 1
  actual: 0
  operator: 'strictEqual'
  stack: |-
    exactlyOne (/home/edckt/projects/bisellium/.worktrees/W-121/packages/cli/src/rules/tests.test.ts:200:10)
    TestContext.<anonymous> (/home/edckt/projects/bisellium/.worktrees/W-121/packages/cli/src/rules/tests.test.ts:215:5)
    async Test.run (node:internal/test_runner/test:1208:7)
    async startSubtestAfterBootstrap (node:internal/test_runner/harness:385:3)
  ...
1..1
# tests 1
# suites 0
# pass 0
# fail 1
# cancelled 0
# skipped 0
# todo 0
# duration_ms 98.18384
