# behaviour: 2
# command: node --test-reporter=tap --import tsx packages/cli/src/rules/tests.test.ts --behaviour 2
# exit: 1
# at: 2026-10-02T06:31:19.622Z
# sella: builder.W-121
# tree: tree:05339b438c1fadd3bcdfc0c54028a43e0a4edd59

TAP version 13
# Subtest: W-121 behaviour 2: the annotation grammar admits exactly what the brief says
not ok 1 - W-121 behaviour 2: the annotation grammar admits exactly what the brief says
  ---
  duration_ms: 56.446965
  type: 'test'
  location: '/home/edckt/projects/bisellium/.worktrees/W-121/packages/cli/src/rules/tests.test.ts:1:10997'
  failureType: 'testCodeFailure'
  error: |-
    name-absent: unannotated twin: expected exactly one test.sleep finding, got 0 ()
    
    0 !== 1
    
  code: 'ERR_ASSERTION'
  name: 'AssertionError'
  expected: 1
  actual: 0
  operator: 'strictEqual'
  stack: |-
    exactlyOne (/home/edckt/projects/bisellium/.worktrees/W-121/packages/cli/src/rules/tests.test.ts:200:10)
    TestContext.<anonymous> (/home/edckt/projects/bisellium/.worktrees/W-121/packages/cli/src/rules/tests.test.ts:354:18)
    async Test.run (node:internal/test_runner/test:1208:7)
    async startSubtestAfterBootstrap (node:internal/test_runner/harness:385:3)
  ...
1..1
# tests 1
# suites 0
# pass 0
# fail 1
# cancelled 0
# skipped 0
# todo 0
# duration_ms 68.242599
