# behaviour: 4
# command: node --test-reporter=tap --import tsx packages/cli/src/rules/tests.test.ts --behaviour 4
# exit: 1
# at: 2026-10-02T06:31:20.572Z
# sella: builder.W-121
# tree: tree:05339b438c1fadd3bcdfc0c54028a43e0a4edd59

TAP version 13
# Subtest: W-121 behaviour 4: the no-vendor lock-holder exposes a seam, and the seam sees a held lock
not ok 1 - W-121 behaviour 4: the no-vendor lock-holder exposes a seam, and the seam sees a held lock
  ---
  duration_ms: 145.783798
  type: 'test'
  location: '/home/edckt/projects/bisellium/.worktrees/W-121/packages/cli/src/rules/tests.test.ts:9:1900'
  failureType: 'testCodeFailure'
  error: |-
    pass path: beforeRelease is called exactly once
    
    0 !== 1
    
  code: 'ERR_ASSERTION'
  name: 'AssertionError'
  expected: 1
  actual: 0
  operator: 'strictEqual'
  stack: |-
    TestContext.<anonymous> (/home/edckt/projects/bisellium/.worktrees/W-121/packages/cli/src/rules/tests.test.ts:549:14)
    async Test.run (node:internal/test_runner/test:1208:7)
    async startSubtestAfterBootstrap (node:internal/test_runner/harness:385:3)
  ...
1..1
# tests 1
# suites 0
# pass 0
# fail 1
# cancelled 0
# skipped 0
# todo 0
# duration_ms 157.932362
