# behaviour: 5
# command: node --test-reporter=tap --import tsx packages/cli/src/rules/tests.test.ts --behaviour 5
# exit: 1
# at: 2026-10-02T06:31:21.173Z
# sella: builder.W-121
# tree: tree:05339b438c1fadd3bcdfc0c54028a43e0a4edd59

TAP version 13
# Subtest: W-121 behaviour 5: the tree passes its own rule, row 3 is repaired rather than waived and bounded, and waivers cannot creep
not ok 1 - W-121 behaviour 5: the tree passes its own rule, row 3 is repaired rather than waived and bounded, and waivers cannot creep
  ---
  duration_ms: 3.626049
  type: 'test'
  location: '/home/edckt/projects/bisellium/.worktrees/W-121/packages/cli/src/rules/tests.test.ts:17:33'
  failureType: 'testCodeFailure'
  error: 'row 3 has no timer: it is repaired with a seam, not annotated'
  code: 'ERR_ASSERTION'
  name: 'AssertionError'
  expected: true
  actual: false
  operator: '=='
  stack: |-
    TestContext.<anonymous> (/home/edckt/projects/bisellium/.worktrees/W-121/packages/cli/src/rules/tests.test.ts:623:12)
    Test.runInAsyncScope (node:async_hooks:226:14)
    Test.run (node:internal/test_runner/test:1201:25)
    Test.start (node:internal/test_runner/test:1096:17)
    startSubtestAfterBootstrap (node:internal/test_runner/harness:385:17)
  ...
1..1
# tests 1
# suites 0
# pass 0
# fail 1
# cancelled 0
# skipped 0
# todo 0
# duration_ms 16.426851
