# behaviour: 5
# command: node --test --test-isolation=none --test-name-pattern=behaviour 5 docs/research/bisellium-maps-harness.test.mjs
# exit: 1
# at: 2026-09-26T15:22:23.777Z
# sella: builder-sol
# tree: dirty:91dcef9ef0a15b49e4aecbfcdd0a3e71db41d14d

▶ behaviour 5 reproducible metrics
  ✖ produces byte-identical ordered retrieval and instrumented counts on repeated fixed runs (8.734013ms)
  ✔ search is a deterministic poison oracle for every forbidden case field (2.068686ms)
  ✔ keeps setup and maintenance measures separate from repeated lookup metrics (1.698081ms)
✖ behaviour 5 reproducible metrics (13.934915ms)
ℹ tests 4
ℹ suites 0
ℹ pass 2
ℹ fail 2
ℹ cancelled 0
ℹ skipped 0
ℹ todo 0
ℹ duration_ms 35.7886

✖ failing tests:

test at docs/research/bisellium-maps-harness.test.mjs:582:11
✖ produces byte-identical ordered retrieval and instrumented counts on repeated fixed runs (8.734013ms)
  AssertionError [ERR_ASSERTION]: repeated lookup must expose stable ordering and exact lookup counters
  + actual - expected
  
    [
      [
  +     'z-repo',
  +     [],
  -     'a-repo',
  -     [
  -       'a.md',
  -       'z.md'
  -     ],
        {
  +       bytes: 0,
  +       candidates: 0,
  +       directories: 0,
  -       bytes: 18,
  -       candidates: 2,
  -       directories: 1,
          omittedExcerpts: 0,
  +       opens: 0,
  -       opens: 2,
          rejections: 0
        }
      ],
      [
  +     'a-repo',
  +     [],
  -     'z-repo',
  -     [
  -       'b.md'
  -     ],
        {
  +       bytes: 0,
  +       candidates: 0,
  +       directories: 0,
  -       bytes: 9,
  -       candidates: 1,
  -       directories: 1,
          omittedExcerpts: 0,
  +       opens: 0,
  -       opens: 1,
          rejections: 0
        }
      ]
    ]
  
      at TestContext.<anonymous> (file:///home/edckt/projects/bisellium/.worktrees/maps-lookup-experiment/docs/research/bisellium-maps-harness.test.mjs:592:12)
      at async Test.run (node:internal/test_runner/test:1208:7)
      at async TestContext.<anonymous> (file:///home/edckt/projects/bisellium/.worktrees/maps-lookup-experiment/docs/research/bisellium-maps-harness.test.mjs:582:3)
      at async Test.run (node:internal/test_runner/test:1208:7)
      at async startSubtestAfterBootstrap (node:internal/test_runner/harness:385:3) {
    generatedMessage: false,
    code: 'ERR_ASSERTION',
    actual: [Array],
    expected: [Array],
    operator: 'deepStrictEqual',
    diff: 'simple'
  }
