# behaviour: 6
# command: node --test --test-isolation=none --test-name-pattern=behaviour 6 docs/research/bisellium-maps-harness.test.mjs
# exit: 1
# at: 2026-09-26T16:19:53.719Z
# sella: builder-sol
# tree: dirty:b568505e0178569ba22a0f2a08cfb0fab881d641

▶ behaviour 6 canonical exclusion inventory
  ✖ rejects a canonical corpus path excluded through a symlink alias (14.779956ms)
✖ behaviour 6 canonical exclusion inventory (16.364187ms)
ℹ tests 2
ℹ suites 0
ℹ pass 0
ℹ fail 2
ℹ cancelled 0
ℹ skipped 0
ℹ todo 0
ℹ duration_ms 41.083205

✖ failing tests:

test at docs/research/bisellium-maps-harness.test.mjs:640:11
✖ rejects a canonical corpus path excluded through a symlink alias (14.779956ms)
  AssertionError [ERR_ASSERTION]: an exclusion alias must exclude the same canonical file named by the corpus
  + actual - expected
  
  + [
  +   {
  +     excerpts: [
  +       'unique reverse alias poison'
  +     ],
  +     path: 'oracle.md',
  +     ranges: [
  +       [
  +         1,
  +         1
  +       ]
  +     ],
  +     sha256: '24cbdd423effcd5adc19edbb99b353f1deca9284eec57342d80fabf601ce8dc8'
  +   }
  + ]
  - []
  
      at TestContext.<anonymous> (file:///home/edckt/projects/bisellium/.worktrees/maps-lookup-experiment/docs/research/bisellium-maps-harness.test.mjs:654:12)
      at async Test.run (node:internal/test_runner/test:1208:7)
      at async TestContext.<anonymous> (file:///home/edckt/projects/bisellium/.worktrees/maps-lookup-experiment/docs/research/bisellium-maps-harness.test.mjs:640:3)
      at async Test.run (node:internal/test_runner/test:1208:7)
      at async startSubtestAfterBootstrap (node:internal/test_runner/harness:385:3) {
    generatedMessage: false,
    code: 'ERR_ASSERTION',
    actual: [Array],
    expected: [],
    operator: 'deepStrictEqual',
    diff: 'simple'
  }
