# behaviour: 7
# command: node --test --test-isolation=none --test-name-pattern=behaviour 7 docs/research/bisellium-maps-harness.test.mjs
# exit: 1
# at: 2026-09-26T16:32:38.965Z
# sella: builder-sol
# tree: dirty:731f9f492e6edccbfcc9d1ad22f2da54837dc1ef

▶ behaviour 7 exclusion inventory resource accounting
  ✖ charges nested exclusion aliases before metadata operations (11.493572ms)
✖ behaviour 7 exclusion inventory resource accounting (12.279784ms)
ℹ tests 2
ℹ suites 0
ℹ pass 0
ℹ fail 2
ℹ cancelled 0
ℹ skipped 0
ℹ todo 0
ℹ duration_ms 35.051125

✖ failing tests:

test at docs/research/bisellium-maps-harness.test.mjs:665:11
✖ charges nested exclusion aliases before metadata operations (11.493572ms)
  AssertionError [ERR_ASSERTION]: exclusion inventory must disclose directories exhaustion before metadata work
  + actual - expected
  
  + 'complete'
  - 'incomplete'
  
      at TestContext.<anonymous> (file:///home/edckt/projects/bisellium/.worktrees/maps-lookup-experiment/docs/research/bisellium-maps-harness.test.mjs:680:14)
      at async Test.run (node:internal/test_runner/test:1208:7)
      at async TestContext.<anonymous> (file:///home/edckt/projects/bisellium/.worktrees/maps-lookup-experiment/docs/research/bisellium-maps-harness.test.mjs:665:3)
      at async Test.run (node:internal/test_runner/test:1208:7)
      at async startSubtestAfterBootstrap (node:internal/test_runner/harness:385:3) {
    generatedMessage: false,
    code: 'ERR_ASSERTION',
    actual: 'complete',
    expected: 'incomplete',
    operator: 'strictEqual',
    diff: 'simple'
  }
