certifies: tree:5fe07fbb32e3b5e74999dda531e1dba7c6f871d3
command: npm run -s lint
exit code: 0

  298:31  warning  'opts' is defined but never used. Allowed unused args must match /^_/u  @********

/home/edckt/agents/bisellium/.********.test.ts
  12:26  warning  'resolve' is defined but never used. Allowed unused vars must match /^_/u      @********
  15:10  warning  'checkStudio' is defined but never used. Allowed unused vars must match /^_/u  @********

/home/edckt/agents/bisellium/.********.test.ts
  5:10  warning  'execSync' is defined but never used. Allowed unused vars must match /^_/u  @********

/home/edckt/agents/bisellium/.********.test.ts
  76:7  warning  'REPO_ROOT' is assigned a value but never used. Allowed unused vars must match /^_/u  @********

/home/edckt/agents/bisellium/.********.test.ts
  141:7  warning  'text' is assigned a value but never used. Allowed unused vars must match /^_/u  @********

/home/edckt/agents/bisellium/.********.test.ts
  298:31  warning  'opts' is defined but never used. Allowed unused args must match /^_/u  @********

/home/edckt/agents/bisellium/.********.test.ts
  12:26  warning  'resolve' is defined but never used. Allowed unused vars must match /^_/u      @********
  15:10  warning  'checkStudio' is defined but never used. Allowed unused vars must match /^_/u  @********

/home/edckt/agents/bisellium/.********.test.ts
  5:10  warning  'execSync' is defined but never used. Allowed unused vars must match /^_/u  @********

/home/edckt/agents/bisellium/.********.test.ts
  76:7  warning  'REPO_ROOT' is assigned a value but never used. Allowed unused vars must match /^_/u  @********

/home/edckt/agents/bisellium/.********.test.ts
  141:7  warning  'text' is assigned a value but never used. Allowed unused vars must match /^_/u  @********

/home/edckt/agents/bisellium/.********.test.ts
  298:31  warning  'opts' is defined but never used. Allowed unused args must match /^_/u  @********

/home/edckt/agents/bisellium/.********.test.ts
  12:26  warning  'resolve' is defined but never used. Allowed unused vars must match /^_/u      @********
  15:10  warning  'checkStudio' is defined but never used. Allowed unused vars must match /^_/u  @********

/home/edckt/agents/bisellium/.********.test.ts
  5:10  warning  'execSync' is defined but never used. Allowed unused vars must match /^_/u  @********

/home/edckt/agents/bisellium/.********.test.ts
  76:7  warning  'REPO_ROOT' is assigned a value but never used. Allowed unused vars must match /^_/u  @********

/home/edckt/agents/bisellium/.********.test.ts
  141:7  warning  'text' is assigned a value but never used. Allowed unused vars must match /^_/u  @********

/home/edckt/agents/bisellium/.********.test.ts
  298:31  warning  'opts' is defined but never used. Allowed unused args must match /^_/u  @********

/home/edckt/agents/bisellium/.********.test.ts
  12:26  warning  'resolve' is defined but never used. Allowed unused vars must match /^_/u      @********
  15:10  warning  'checkStudio' is defined but never used. Allowed unused vars must match /^_/u  @********

/home/edckt/agents/bisellium/.********.test.ts
  5:10  warning  'execSync' is defined but never used. Allowed unused vars must match /^_/u  @********

/home/edckt/agents/bisellium/.********.test.ts
  76:7  warning  'REPO_ROOT' is assigned a value but never used. Allowed unused vars must match /^_/u  @********

/home/edckt/agents/bisellium/.********.test.ts
  141:7  warning  'text' is assigned a value but never used. Allowed unused vars must match /^_/u  @********

/home/edckt/agents/bisellium/.********.test.ts
  298:31  warning  'opts' is defined but never used. Allowed unused args must match /^_/u  @********

/home/edckt/agents/bisellium/.********.test.ts
  12:26  warning  'resolve' is defined but never used. Allowed unused vars must match /^_/u      @********
  15:10  warning  'checkStudio' is defined but never used. Allowed unused vars must match /^_/u  @********

/home/edckt/agents/bisellium/.********.test.ts
  5:10  warning  'execSync' is defined but never used. Allowed unused vars must match /^_/u  @********

/home/edckt/agents/bisellium/.********.test.ts
  76:7  warning  'REPO_ROOT' is assigned a value but never used. Allowed unused vars must match /^_/u  @********

/home/edckt/agents/bisellium/.********.test.ts
  141:7  warning  'text' is assigned a value but never used. Allowed unused vars must match /^_/u  @********

/home/edckt/agents/bisellium/.********.test.ts
  298:31  warning  'opts' is defined but never used. Allowed unused args must match /^_/u  @********

/home/edckt/agents/bisellium/.********.test.ts
  14:26  warning  'resolve' is defined but never used. Allowed unused vars must match /^_/u      @********
  17:10  warning  'checkStudio' is defined but never used. Allowed unused vars must match /^_/u  @********

/home/edckt/agents/bisellium/.********.test.ts
  5:10  warning  'execSync' is defined but never used. Allowed unused vars must match /^_/u  @********

/home/edckt/agents/bisellium/.********.ts
  24:7  warning  'OID_RE' is assigned a value but never used. Allowed unused vars must match /^_/u  @********

/home/edckt/agents/bisellium/.********.test.ts
  79:7  warning  'REPO_ROOT' is assigned a value but never used. Allowed unused vars must match /^_/u  @********

/home/edckt/agents/bisellium/.********.test.ts
  141:7  warning  'text' is assigned a value but never used. Allowed unused vars must match /^_/u  @********

/home/edckt/agents/bisellium/.********.test.ts
  298:31  warning  'opts' is defined but never used. Allowed unused args must match /^_/u  @********

/home/edckt/agents/bisellium/.********.test.ts
  12:26  warning  'resolve' is defined but never used. Allowed unused vars must match /^_/u      @********
  15:10  warning  'checkStudio' is defined but never used. Allowed unused vars must match /^_/u  @********

/home/edckt/agents/bisellium/.********.test.ts
  5:10  warning  'execSync' is defined but never used. Allowed unused vars must match /^_/u  @********

/home/edckt/agents/bisellium/.********.test.ts
  76:7  warning  'REPO_ROOT' is assigned a value but never used. Allowed unused vars must match /^_/u  @********

/home/edckt/agents/bisellium/.********.test.ts
  141:7  warning  'text' is assigned a value but never used. Allowed unused vars must match /^_/u  @********

/home/edckt/agents/bisellium/.********.test.ts
  298:31  warning  'opts' is defined but never used. Allowed unused args must match /^_/u  @********

/home/edckt/agents/bisellium/.********.test.ts
  12:26  warning  'resolve' is defined but never used. Allowed unused vars must match /^_/u      @********
  15:10  warning  'checkStudio' is defined but never used. Allowed unused vars must match /^_/u  @********

/home/edckt/agents/bisellium/.********.test.ts
  5:10  warning  'execSync' is defined but never used. Allowed unused vars must match /^_/u  @********

/home/edckt/agents/bisellium/.********.test.ts
  76:7  warning  'REPO_ROOT' is assigned a value but never used. Allowed unused vars must match /^_/u  @********

/home/edckt/agents/bisellium/.********.test.ts
  141:7  warning  'text' is assigned a value but never used. Allowed unused vars must match /^_/u  @********

/home/edckt/agents/bisellium/.********.test.ts
  298:31  warning  'opts' is defined but never used. Allowed unused args must match /^_/u  @********

/home/edckt/agents/bisellium/.********.test.ts
  12:26  warning  'resolve' is defined but never used. Allowed unused vars must match /^_/u      @********
  15:10  warning  'checkStudio' is defined but never used. Allowed unused vars must match /^_/u  @********

/home/edckt/agents/bisellium/.********.test.ts
  5:10  warning  'execSync' is defined but never used. Allowed unused vars must match /^_/u  @********

/home/edckt/agents/bisellium/.********.test.ts
  76:7  warning  'REPO_ROOT' is assigned a value but never used. Allowed unused vars must match /^_/u  @********

/home/edckt/agents/bisellium/.********.test.ts
  141:7  warning  'text' is assigned a value but never used. Allowed unused vars must match /^_/u  @********

/home/edckt/agents/bisellium/.********.test.ts
  298:31  warning  'opts' is defined but never used. Allowed unused args must match /^_/u  @********

/home/edckt/agents/bisellium/.********.test.ts
  12:26  warning  'resolve' is defined but never used. Allowed unused vars must match /^_/u      @********
  15:10  warning  'checkStudio' is defined but never used. Allowed unused vars must match /^_/u  @********

/home/edckt/agents/bisellium/.********.test.ts
  5:10  warning  'execSync' is defined but never used. Allowed unused vars must match /^_/u  @********

/home/edckt/agents/bisellium/.********.test.ts
  76:7  warning  'REPO_ROOT' is assigned a value but never used. Allowed unused vars must match /^_/u  @********

/home/edckt/agents/bisellium/.********.test.ts
  141:7  warning  'text' is assigned a value but never used. Allowed unused vars must match /^_/u  @********

/home/edckt/agents/bisellium/.********.test.ts
  298:31  warning  'opts' is defined but never used. Allowed unused args must match /^_/u  @********

/home/edckt/agents/bisellium/.********.test.ts
  12:26  warning  'resolve' is defined but never used. Allowed unused vars must match /^_/u      @********
  15:10  warning  'checkStudio' is defined but never used. Allowed unused vars must match /^_/u  @********

/home/edckt/agents/bisellium/.********.test.ts
  5:10  warning  'execSync' is defined but never used. Allowed unused vars must match /^_/u  @********

/home/edckt/agents/bisellium/.********.test.ts
  76:7  warning  'REPO_ROOT' is assigned a value but never used. Allowed unused vars must match /^_/u  @********

/home/edckt/agents/bisellium/.********.test.ts
  141:7  warning  'text' is assigned a value but never used. Allowed unused vars must match /^_/u  @********

/home/edckt/agents/bisellium/.********.test.ts
  298:31  warning  'opts' is defined but never used. Allowed unused args must match /^_/u  @********

/********.test.ts
  14:26  warning  'resolve' is defined but never used. Allowed unused vars must match /^_/u      @********
  17:10  warning  'checkStudio' is defined but never used. Allowed unused vars must match /^_/u  @********

/********.test.ts
  5:10  warning  'execSync' is defined but never used. Allowed unused vars must match /^_/u  @********

/********.ts
  24:7  warning  'OID_RE' is assigned a value but never used. Allowed unused vars must match /^_/u  @********

/********.test.ts
  141:7  warning  'text' is assigned a value but never used. Allowed unused vars must match /^_/u  @********

/********.test.ts
  298:31  warning  'opts' is defined but never used. Allowed unused args must match /^_/u  @********

✖ 109 problems (0 errors, 109 warnings)


