# behaviour: 1
# command: node --test-reporter=tap --test-name-pattern=W-161-b1 --import tsx packages/cli/src/brief-admission.test.ts
# exit: 1
# at: 2026-10-07T01:10:16.088Z
# sella: builder.W-161
# tree: tree:fdc476210f0d02e759cb739acd75b838057b762f

TAP version 13
# Subtest: W-161-b1 behaviour 1: a brief with no Input domain section is refused, by ready and by check
not ok 1 - W-161-b1 behaviour 1: a brief with no Input domain section is refused, by ready and by check
  ---
  duration_ms: 39.625816
  type: 'test'
  location: '/home/edckt/agents/bisellium/.worktrees/W-161/packages/cli/src/brief-admission.test.ts:16:15704'
  failureType: 'testCodeFailure'
  error: |-
    no section: exit (stderr [])
    
    0 !== 1
    
  code: 'ERR_ASSERTION'
  name: 'AssertionError'
  expected: 1
  actual: 0
  operator: 'strictEqual'
  stack: |-
    refused (/home/edckt/agents/bisellium/.worktrees/W-161/packages/cli/src/brief-admission.test.ts:165:10)
    TestContext.<anonymous> (/home/edckt/agents/bisellium/.worktrees/W-161/packages/cli/src/brief-admission.test.ts:526:3)
    Test.runInAsyncScope (node:async_hooks:226:14)
    Test.run (node:internal/test_runner/test:1201:25)
    Test.start (node:internal/test_runner/test:1096:17)
    startSubtestAfterBootstrap (node:internal/test_runner/harness:385:17)
  ...
1..1
# tests 1
# suites 0
# pass 0
# fail 1
# cancelled 0
# skipped 0
# todo 0
# duration_ms 49.838302
