# behaviour: 1
# command: node --test-reporter=tap --import tsx --test-name-pattern=W-085.behaviour.1: packages/cli/src/open-lessons.test.ts
# exit: 1
# at: 2026-10-04T14:24:25.708Z
# sella: builder.W-085
# tree: tree:21b9374aa32aca6459c4900874d49a71ea4f01b0

TAP version 13
# Subtest: W-085 behaviour 1: openLessons closes and keeps classes correctly
not ok 1 - W-085 behaviour 1: openLessons closes and keeps classes correctly
  ---
  duration_ms: 3.968223
  type: 'test'
  location: '/home/edckt/agents/bisellium/.worktrees/W-085/packages/cli/src/open-lessons.test.ts:5:954'
  failureType: 'testCodeFailure'
  error: |-
    openLessons is exported by @bisellium/commands/lessons.js
    + actual - expected
    
    + 'undefined'
    - 'function'
    
  code: 'ERR_ASSERTION'
  name: 'AssertionError'
  expected: 'function'
  actual: 'undefined'
  operator: 'strictEqual'
  stack: |-
    load (/home/edckt/agents/bisellium/.worktrees/W-085/packages/cli/src/open-lessons.test.ts:36:10)
    async TestContext.<anonymous> (/home/edckt/agents/bisellium/.worktrees/W-085/packages/cli/src/open-lessons.test.ts:85:23)
    async Test.run (node:internal/test_runner/test:1208:7)
    async startSubtestAfterBootstrap (node:internal/test_runner/harness:385:3)
  ...
1..1
# tests 1
# suites 0
# pass 0
# fail 1
# cancelled 0
# skipped 0
# todo 0
# duration_ms 11.299167
