# behaviour: 2
# command: node --test-reporter=tap --import tsx --test-name-pattern=W-085.behaviour.2: packages/cli/src/open-lessons.test.ts
# exit: 1
# at: 2026-10-04T14:25:04.528Z
# sella: builder.W-085
# tree: tree:a92a34ef1f7fec644fce023bfef305dbdd1f4fe4

TAP version 13
# Subtest: W-085 behaviour 2: openLessons ranks by cascades, count, newest at, class
not ok 1 - W-085 behaviour 2: openLessons ranks by cascades, count, newest at, class
  ---
  duration_ms: 53.927745
  type: 'test'
  location: '/home/edckt/agents/bisellium/.worktrees/W-085/packages/cli/src/open-lessons.test.ts:5:2233'
  failureType: 'testCodeFailure'
  error: |-
    Expected values to be strictly deep-equal:
    + actual - expected
    
      [
        'recurs',
        'many',
        'newest',
    +   'beta',
        'alpha',
    -   'beta',
        'oldest'
      ]
    
  code: 'ERR_ASSERTION'
  name: 'AssertionError'
  expected:
    0: 'recurs'
    1: 'many'
    2: 'newest'
    3: 'alpha'
    4: 'beta'
    5: 'oldest'
  actual:
    0: 'recurs'
    1: 'many'
    2: 'newest'
    3: 'beta'
    4: 'alpha'
    5: 'oldest'
  operator: 'deepStrictEqual'
  stack: |-
    TestContext.<anonymous> (/home/edckt/agents/bisellium/.worktrees/W-085/packages/cli/src/open-lessons.test.ts:127:10)
    async Test.run (node:internal/test_runner/test:1208:7)
    async startSubtestAfterBootstrap (node:internal/test_runner/harness:385:3)
  ...
1..1
# tests 1
# suites 0
# pass 0
# fail 1
# cancelled 0
# skipped 0
# todo 0
# duration_ms 92.315367
