# behaviour: 3
# command: node --test-reporter=tap --import tsx --test-name-pattern=W-085.behaviour.3: packages/cli/src/open-lessons.test.ts
# exit: 1
# at: 2026-10-04T14:25:25.949Z
# sella: builder.W-085
# tree: tree:8b19290a7ec4c8fdf10df4e839242a25368af1e8

TAP version 13
# Subtest: W-085 behaviour 3: openLessons attributes collegia
not ok 1 - W-085 behaviour 3: openLessons attributes collegia
  ---
  duration_ms: 54.724214
  type: 'test'
  location: '/home/edckt/agents/bisellium/.worktrees/W-085/packages/cli/src/open-lessons.test.ts:5:3369'
  failureType: 'testCodeFailure'
  error: |-
    Expected values to be strictly deep-equal:
    + actual - expected
    
    + []
    - [
    -   'design'
    - ]
    
  code: 'ERR_ASSERTION'
  name: 'AssertionError'
  expected:
    0: 'design'
  actual:
  operator: 'deepStrictEqual'
  stack: |-
    TestContext.<anonymous> (/home/edckt/agents/bisellium/.worktrees/W-085/packages/cli/src/open-lessons.test.ts:156:10)
    async Test.run (node:internal/test_runner/test:1208:7)
    async startSubtestAfterBootstrap (node:internal/test_runner/harness:385:3)
  ...
1..1
# tests 1
# suites 0
# pass 0
# fail 1
# cancelled 0
# skipped 0
# todo 0
# duration_ms 93.55611
