# behaviour: 5
# command: node --test-reporter=tap --import tsx --test-name-pattern=W-085.behaviour.5: packages/cli/src/open-lessons.test.ts
# exit: 1
# at: 2026-10-04T14:46:34.269Z
# sella: builder.W-085
# tree: tree:89461cc52a65f0da99ef545bbe4d69086eef150a

TAP version 13
# Subtest: W-085 behaviour 5: the section is priority 2, dropped only after everything but the lex
not ok 1 - W-085 behaviour 5: the section is priority 2, dropped only after everything but the lex
  ---
  duration_ms: 99.120786
  type: 'test'
  location: '/home/edckt/agents/bisellium/.worktrees/W-085/packages/cli/src/open-lessons.test.ts:13:439'
  failureType: 'testCodeFailure'
  error: 'present at the smallest carrying budget'
  code: 'ERR_ASSERTION'
  name: 'AssertionError'
  expected: true
  operator: '=='
  stack: |-
    TestContext.<anonymous> (/home/edckt/agents/bisellium/.worktrees/W-085/packages/cli/src/open-lessons.test.ts:250:10)
    Test.runInAsyncScope (node:async_hooks:226:14)
    Test.run (node:internal/test_runner/test:1201:25)
    Test.start (node:internal/test_runner/test:1096:17)
    startSubtestAfterBootstrap (node:internal/test_runner/harness:385:17)
  ...
1..1
# tests 1
# suites 0
# pass 0
# fail 1
# cancelled 0
# skipped 0
# todo 0
# duration_ms 107.157728
