# behaviour: 6
# command: node --test-reporter=tap --import tsx --test-name-pattern=W-085.behaviour.6: packages/cli/src/open-lessons.test.ts
# exit: 1
# at: 2026-10-04T14:46:34.903Z
# sella: builder.W-085
# tree: tree:e5d764f3b4fde6e85dc9be2087f8a88e7fbaad78

TAP version 13
# Subtest: W-085 behaviour 6: every boot path carries the same section
not ok 1 - W-085 behaviour 6: every boot path carries the same section
  ---
  duration_ms: 499.572863
  type: 'test'
  location: '/home/edckt/agents/bisellium/.worktrees/W-085/packages/cli/src/open-lessons.test.ts:13:2086'
  failureType: 'testCodeFailure'
  error: 'context carries the section'
  code: 'ERR_ASSERTION'
  name: 'AssertionError'
  expected: true
  operator: '=='
  stack: |-
    TestContext.<anonymous> (/home/edckt/agents/bisellium/.worktrees/W-085/packages/cli/src/open-lessons.test.ts:296:10)
    async Test.run (node:internal/test_runner/test:1208:7)
    async startSubtestAfterBootstrap (node:internal/test_runner/harness:385:3)
  ...
1..1
# tests 1
# suites 0
# pass 0
# fail 1
# cancelled 0
# skipped 0
# todo 0
# duration_ms 508.971822
