# behaviour: 8
# command: node --test-reporter=tap --import tsx --test-name-pattern=W-085.behaviour.8: packages/cli/src/open-lessons.test.ts
# exit: 1
# at: 2026-10-04T14:29:31.823Z
# sella: builder.W-085
# tree: tree:10b464c8d6332d07d5b21ecfca6c4eb01dd3b4c7

TAP version 13
# Subtest: W-085 behaviour 8: next's dispatch order names the boot bundle
not ok 1 - W-085 behaviour 8: next's dispatch order names the boot bundle
  ---
  duration_ms: 268.302163
  type: 'test'
  location: '/home/edckt/agents/bisellium/.worktrees/W-085/packages/cli/src/open-lessons.test.ts:15:300'
  failureType: 'testCodeFailure'
  error: |-
    Expected values to be strictly equal:
    + actual - expected
    
    + 'budget_tokens: 100000'
    - 'boot: bisellium context --sella architect --studio studio'
    
  code: 'ERR_ASSERTION'
  name: 'AssertionError'
  expected: 'boot: bisellium context --sella architect --studio studio'
  actual: 'budget_tokens: 100000'
  operator: 'strictEqual'
  stack: |-
    TestContext.<anonymous> (/home/edckt/agents/bisellium/.worktrees/W-085/packages/cli/src/open-lessons.test.ts:355:10)
    Test.runInAsyncScope (node:async_hooks:226:14)
    Test.run (node:internal/test_runner/test:1201:25)
    Test.start (node:internal/test_runner/test:1096:17)
    startSubtestAfterBootstrap (node:internal/test_runner/harness:385:17)
  ...
1..1
# tests 1
# suites 0
# pass 0
# fail 1
# cancelled 0
# skipped 0
# todo 0
# duration_ms 279.854002
