# behaviour: 2
# command: node --test-reporter=tap --test-name-pattern=W-196-b2 --import tsx packages/cli/src/brief-admission.test.ts
# exit: 1
# at: 2026-10-10T03:41:52.422Z
# sella: builder.W-196
# tree: tree:c07321781ada8383e6a5fbdabcec366f5b2816dc

TAP version 13
# Subtest: W-196-b2 behaviour 2: an absolute phrase sits on one promise line with its limit
not ok 1 - W-196-b2 behaviour 2: an absolute phrase sits on one promise line with its limit
  ---
  duration_ms: 165.499644
  type: 'test'
  location: '/home/edckt/agents/bisellium/.worktrees/W-196/packages/cli/src/brief-admission.test.ts:25:3765'
  failureType: 'testCodeFailure'
  error: |-
    always in prose: exit (stderr [])
    
    0 !== 1
    
  code: 'ERR_ASSERTION'
  name: 'AssertionError'
  expected: 1
  actual: 0
  operator: 'strictEqual'
  stack: |-
    refused (/home/edckt/agents/bisellium/.worktrees/W-196/packages/cli/src/brief-admission.test.ts:179:10)
    no (/home/edckt/agents/bisellium/.worktrees/W-196/packages/cli/src/brief-admission.test.ts:695:5)
    TestContext.<anonymous> (/home/edckt/agents/bisellium/.worktrees/W-196/packages/cli/src/brief-admission.test.ts:697:3)
    Test.runInAsyncScope (node:async_hooks:226:14)
    Test.run (node:internal/test_runner/test:1201:25)
    Test.start (node:internal/test_runner/test:1096:17)
    startSubtestAfterBootstrap (node:internal/test_runner/harness:385:17)
  ...
1..1
# tests 1
# suites 0
# pass 0
# fail 1
# cancelled 0
# skipped 0
# todo 0
# duration_ms 188.565044
