# behaviour: 3
# command: node --test-reporter=tap scripts/host-cells.test.mjs --behaviour 3
# exit: 1
# at: 2026-10-03T05:55:59.665Z
# sella: builder.W-130
# tree: tree:39d579733b0f0f91375d0f470bf0e977ac45eda6

TAP version 13
# Subtest: W-130 behaviour 3: replay preparation's command is fixed and its failures are a disjoint message class
not ok 1 - W-130 behaviour 3: replay preparation's command is fixed and its failures are a disjoint message class
  ---
  duration_ms: 2.458853
  type: 'test'
  location: '/home/edckt/projects/bisellium/.worktrees/W-130/scripts/host-cells.test.mjs:271:3'
  failureType: 'testCodeFailure'
  error: '3(a): scripts/host-cells.mjs exports WEB_BUILD'
  code: 'ERR_ASSERTION'
  name: 'AssertionError'
  expected: true
  operator: '=='
  stack: |-
    TestContext.<anonymous> (file:///home/edckt/projects/bisellium/.worktrees/W-130/scripts/host-cells.test.mjs:274:12)
    async Test.run (node:internal/test_runner/test:1208:7)
    async startSubtestAfterBootstrap (node:internal/test_runner/harness:385:3)
  ...
1..1
# tests 1
# suites 0
# pass 0
# fail 1
# cancelled 0
# skipped 0
# todo 0
# duration_ms 9.979433
