# behaviour: 4
# command: node --test-reporter=tap scripts/replay-accept.test.mjs --behaviour 4
# exit: 1
# at: 2026-10-03T05:29:27.427Z
# sella: builder.W-130
# tree: tree:b4ed23db65198744a5f7d3fc0be85a93b92121b0

TAP version 13
# Subtest: W-130 behaviour 4: the classifier accepts a playwright assertion failure and names every near miss
not ok 1 - W-130 behaviour 4: the classifier accepts a playwright assertion failure and names every near miss
  ---
  duration_ms: 2.318175
  type: 'test'
  location: '/home/edckt/projects/bisellium/.worktrees/W-130/scripts/replay-accept.test.mjs:54:1'
  failureType: 'testCodeFailure'
  error: '4(a): scripts/replay-accept.mjs exports classifyReplay'
  code: 'ERR_ASSERTION'
  name: 'AssertionError'
  expected: true
  operator: '=='
  stack: |-
    TestContext.<anonymous> (file:///home/edckt/projects/bisellium/.worktrees/W-130/scripts/replay-accept.test.mjs:57:10)
    async Test.run (node:internal/test_runner/test:1208:7)
    async startSubtestAfterBootstrap (node:internal/test_runner/harness:385:3)
  ...
1..1
# tests 1
# suites 0
# pass 0
# fail 1
# cancelled 0
# skipped 0
# todo 0
# duration_ms 11.429161
