# behaviour: 5
# command: node --test-reporter=tap scripts/host-cells.test.mjs --behaviour 5
# exit: 1
# at: 2026-10-03T05:56:00.129Z
# sella: builder.W-130
# tree: tree:39d579733b0f0f91375d0f470bf0e977ac45eda6

TAP version 13
# Subtest: W-130 behaviour 5: the runner is wired to both modules, and keeps nothing of what they replaced
not ok 1 - W-130 behaviour 5: the runner is wired to both modules, and keeps nothing of what they replaced
  ---
  duration_ms: 1.775392
  type: 'test'
  location: '/home/edckt/projects/bisellium/.worktrees/W-130/scripts/host-cells.test.mjs:324:3'
  failureType: 'testCodeFailure'
  error: '5(b): the runner imports classifyReplay from ./replay-accept.mjs'
  code: 'ERR_ASSERTION'
  name: 'AssertionError'
  expected: true
  actual: false
  operator: '=='
  stack: |-
    sourceHas (file:///home/edckt/projects/bisellium/.worktrees/W-130/scripts/host-cells.test.mjs:116:54)
    TestContext.<anonymous> (file:///home/edckt/projects/bisellium/.worktrees/W-130/scripts/host-cells.test.mjs:332:5)
    Test.runInAsyncScope (node:async_hooks:226:14)
    Test.run (node:internal/test_runner/test:1201:25)
    Test.start (node:internal/test_runner/test:1096:17)
    startSubtestAfterBootstrap (node:internal/test_runner/harness:385:17)
  ...
1..1
# tests 1
# suites 0
# pass 0
# fail 1
# cancelled 0
# skipped 0
# todo 0
# duration_ms 8.876531
