# behaviour: 1
# command: node --import tsx --test --test-reporter=tap --test-name-pattern=W-131.behaviour.1: packages/cli/src/verdict-findings.test.ts
# exit: 1
# at: 2026-10-04T05:31:33.987Z
# sella: builder.W-131
# tree: tree:1dc8f6a8a1e72f8706e51240d0eacad3aa97749e

TAP version 13
# Subtest: W-131 behaviour 1: verdict caps the body at 8192 bytes
not ok 1 - W-131 behaviour 1: verdict caps the body at 8192 bytes
  ---
  duration_ms: 16.868924
  type: 'test'
  location: '/home/edckt/agents/bisellium/.worktrees/W-131/packages/cli/src/verdict-findings.test.ts:2:537'
  failureType: 'testCodeFailure'
  error: |-
    an 8193-byte body is refused
    
    0 !== 2
    
  code: 'ERR_ASSERTION'
  name: 'AssertionError'
  expected: 2
  actual: 0
  operator: 'strictEqual'
  stack: |-
    TestContext.<anonymous> (/home/edckt/agents/bisellium/.worktrees/W-131/packages/cli/src/verdict-findings.test.ts:78:10)
    Test.runInAsyncScope (node:async_hooks:226:14)
    Test.run (node:internal/test_runner/test:1201:25)
    Test.start (node:internal/test_runner/test:1096:17)
    startSubtestAfterBootstrap (node:internal/test_runner/harness:385:17)
  ...
1..1
# tests 1
# suites 0
# pass 0
# fail 1
# cancelled 0
# skipped 0
# todo 0
# duration_ms 194.106376
