# behaviour: 2
# command: node --import tsx --test --test-reporter=tap --test-name-pattern=W-131.behaviour.2: packages/cli/src/verdict-findings.test.ts
# exit: 1
# at: 2026-10-04T05:32:20.177Z
# sella: builder.W-131
# tree: tree:45cae25ab346ca36cd406549a55d90e65d647e34

TAP version 13
# Subtest: W-131 behaviour 2: verdict needs exactly one non-empty \#\# Findings section
not ok 1 - W-131 behaviour 2: verdict needs exactly one non-empty \#\# Findings section
  ---
  duration_ms: 17.97322
  type: 'test'
  location: '/home/edckt/agents/bisellium/.worktrees/W-131/packages/cli/src/verdict-findings.test.ts:2:1212'
  failureType: 'testCodeFailure'
  error: |-
    no Findings heading is refused
    
    0 !== 2
    
  code: 'ERR_ASSERTION'
  name: 'AssertionError'
  expected: 2
  actual: 0
  operator: 'strictEqual'
  stack: |-
    TestContext.<anonymous> (/home/edckt/agents/bisellium/.worktrees/W-131/packages/cli/src/verdict-findings.test.ts:96:12)
    Test.runInAsyncScope (node:async_hooks:226:14)
    Test.run (node:internal/test_runner/test:1201:25)
    Test.start (node:internal/test_runner/test:1096:17)
    startSubtestAfterBootstrap (node:internal/test_runner/harness:385:17)
  ...
1..1
# tests 1
# suites 0
# pass 0
# fail 1
# cancelled 0
# skipped 0
# todo 0
# duration_ms 254.741178
