# behaviour: 3
# command: node --import tsx --test --test-reporter=tap --test-name-pattern=W-131.behaviour.3: packages/cli/src/verdict-findings.test.ts
# exit: 1
# at: 2026-10-04T05:50:35.515Z
# sella: builder.W-131
# tree: tree:88bb582aae8addc8ab3839139d5732105b1f0349

TAP version 13
# Subtest: W-131 behaviour 3: every numbered finding names check: <text>
not ok 1 - W-131 behaviour 3: every numbered finding names check: <text>
  ---
  duration_ms: 16.398301
  type: 'test'
  location: '/home/edckt/agents/bisellium/.worktrees/W-131/packages/cli/src/verdict-findings.test.ts:7:397'
  failureType: 'testCodeFailure'
  error: |-
    a finding with no check is refused
    
    0 !== 2
    
  code: 'ERR_ASSERTION'
  name: 'AssertionError'
  expected: 2
  actual: 0
  operator: 'strictEqual'
  stack: |-
    TestContext.<anonymous> (/home/edckt/agents/bisellium/.worktrees/W-131/packages/cli/src/verdict-findings.test.ts:111:12)
    Test.runInAsyncScope (node:async_hooks:226:14)
    Test.run (node:internal/test_runner/test:1201:25)
    Test.start (node:internal/test_runner/test:1096:17)
    startSubtestAfterBootstrap (node:internal/test_runner/harness:385:17)
  ...
1..1
# tests 1
# suites 0
# pass 0
# fail 1
# cancelled 0
# skipped 0
# todo 0
# duration_ms 252.31893
