# behaviour: 8
# command: env PATH=/home/linuxbrew/.linuxbrew/Cellar/node/25.9.0_2/bin BISELLIUM_REQUIRE_LIVE_ROWS=1 node --import tsx --test --test-reporter=tap --test-name-pattern=W-131.behaviour.8: packages/commands/src/run.test.ts
# exit: 1
# at: 2026-10-04T05:56:21.796Z
# sella: builder.W-131
# tree: tree:867497dd298cdb12d5d673f7749cbad98e8161b3

TAP version 13
# Subtest: W-131 behaviour 8: live rows: none skip where BISELLIUM_REQUIRE_LIVE_ROWS=1
not ok 1 - W-131 behaviour 8: live rows: none skip where BISELLIUM_REQUIRE_LIVE_ROWS=1
  ---
  duration_ms: 5.926137
  type: 'test'
  location: '/home/edckt/agents/bisellium/.worktrees/W-131/packages/commands/src/run.test.ts:339:3725'
  failureType: 'testCodeFailure'
  error: |-
    26 of 26 live rows skipped (liveSkip: bwrap is unusable on this host)
    
    26 !== 0
    
  code: 'ERR_ASSERTION'
  name: 'AssertionError'
  expected: 0
  actual: 26
  operator: 'strictEqual'
  stack: |-
    TestContext.<anonymous> (/home/edckt/agents/bisellium/.worktrees/W-131/packages/commands/src/run.test.ts:1960:10)
    Test.runInAsyncScope (node:async_hooks:226:14)
    Test.run (node:internal/test_runner/test:1201:25)
    Test.start (node:internal/test_runner/test:1096:17)
    startSubtestAfterBootstrap (node:internal/test_runner/harness:385:17)
  ...
1..1
# tests 1
# suites 0
# pass 0
# fail 1
# cancelled 0
# skipped 0
# todo 0
# duration_ms 177.561828
