# behaviour: 1
# command: node --test-reporter=tap --test-name-pattern=W-209-b1 scripts/ci-scope.test.mjs
# exit: 1
# at: 2026-10-10T16:03:11.560Z
# sella: builder.W-209
# tree: tree:36a168bc81f9ef79b9c52a3217f9df8142493328

TAP version 13
# Subtest: W-209-b1 behaviour 1: the dossier's direct HTML pages are record-only; its other files and other pages are not
not ok 1 - W-209-b1 behaviour 1: the dossier's direct HTML pages are record-only; its other files and other pages are not
  ---
  duration_ms: 2.17277
  type: 'test'
  location: '/home/edckt/agents/bisellium/.worktrees/W-209/scripts/ci-scope.test.mjs:186:1'
  failureType: 'testCodeFailure'
  error: |-
    docs/design/dossier/body.html is record-only
    
    false !== true
    
  code: 'ERR_ASSERTION'
  name: 'AssertionError'
  expected: true
  actual: false
  operator: 'strictEqual'
  stack: |-
    TestContext.<anonymous> (file:///home/edckt/agents/bisellium/.worktrees/W-209/scripts/ci-scope.test.mjs:205:12)
    async Test.run (node:internal/test_runner/test:1208:7)
    async startSubtestAfterBootstrap (node:internal/test_runner/harness:385:3)
  ...
1..1
# tests 1
# suites 0
# pass 0
# fail 1
# cancelled 0
# skipped 0
# todo 0
# duration_ms 8.381483
