# behaviour: 1
# command: node --test-reporter=tap --test-name-pattern=W-205-b1 --import tsx scripts/ci-scope.test.mjs
# exit: 1
# at: 2026-10-10T09:11:14.965Z
# sella: builder.W-205
# tree: tree:247b573484abc687551be1962628ff144a73478c

TAP version 13
# Subtest: W-205-b1 behaviour 1: a pull request runs setup, typecheck and lint; merge-group and push steps are today's
not ok 1 - W-205-b1 behaviour 1: a pull request runs setup, typecheck and lint; merge-group and push steps are today's
  ---
  duration_ms: 16.022515
  type: 'test'
  location: '/home/edckt/agents/bisellium/.worktrees/W-205/scripts/ci-scope.test.mjs:530:1'
  failureType: 'testCodeFailure'
  error: |-
    gates: setup, then typecheck and lint on a pull request; the rest only off it
    + actual - expected
    ... Skipped lines
    
      [
        [
          'actions/checkout@v5',
          null
        ],
    ...
          'scope',
    +     "github.event_name == 'pull_request' || github.event_name == 'merge_group'"
    -     "github.event_name == 'merge_group'"
        ],
        [
          'npm run -s typecheck',
          "steps.scope.outputs.record_only != 'true'"
        ],
    ...
          'npm run -s format:check',
    +     "steps.scope.outputs.record_only != 'true'"
    -     "github.event_name != 'pull_request' && steps.scope.outputs.record_only != 'true'"
        ],
        [
          'sudo apt-get update && sudo apt-get install -y bubblewrap',
    +     "steps.scope.outputs.record_only != 'true'"
    -     "github.event_name != 'pull_request' && steps.scope.outputs.record_only != 'true'"
        ],
        [
          'sudo sysctl -w kernel.apparmor_restrict_unprivileged_userns=0',
    +     "steps.scope.outputs.record_only != 'true'"
    -     "github.event_name != 'pull_request' && steps.scope.outputs.record_only != 'true'"
        ],
        [
          'npm test',
    +     "steps.scope.outputs.record_only != 'true'"
    -     "github.event_name != 'pull_request' && steps.scope.outputs.record_only != 'true'"
        ],
        [
          'node scripts/ci-scope.mjs --check-reads ${{ runner.temp }}/record-reads.log',
    +     "steps.scope.outputs.record_only != 'true'"
    -     "github.event_name != 'pull_request' && steps.scope.outputs.record_only != 'true'"
        ],
        [
          'npm run -s check -- examples/sample-studio --repo .',
    +     "steps.scope.outputs.record_only != 'true'"
    -     "github.event_name != 'pull_request' && steps.scope.outputs.record_only != 'true'"
        ],
        [
          'npm run -s check -- studio --repo .',
          "steps.scope.outputs.record_only == 'true'"
        ],
    
  code: 'ERR_ASSERTION'
  name: 'AssertionError'
  expected:
    0:
      0: 'actions/checkout@v5'
      1: ~
    1:
      0: 'actions/setup-node@v5'
      1: ~
    2:
      0: 'npm ci'
      1: ~
    3:
      0: 'scope'
      1: "github.event_name == 'merge_group'"
    4:
      0: 'npm run -s typecheck'
      1: "steps.scope.outputs.record_only != 'true'"
    5:
      0: 'npm run -s lint'
      1: "steps.scope.outputs.record_only != 'true'"
    6:
      0: 'npm run -s format:check'
      1: "github.event_name != 'pull_request' && steps.scope.outputs.record_only != 'true'"
    7:
      0: 'sudo apt-get update && sudo apt-get install -y bubblewrap'
      1: "github.event_name != 'pull_request' && steps.scope.outputs.record_only != 'true'"
    8:
      0: 'sudo sysctl -w kernel.apparmor_restrict_unprivileged_userns=0'
      1: "github.event_name != 'pull_request' && steps.scope.outputs.record_only != 'true'"
    9:
      0: 'npm test'
      1: "github.event_name != 'pull_request' && steps.scope.outputs.record_only != 'true'"
    10:
      0: 'node scripts/ci-scope.mjs --check-reads ${{ runner.temp }}/record-reads.log'
      1: "github.event_name != 'pull_request' && steps.scope.outputs.record_only != 'true'"
    11:
      0: 'npm run -s check -- examples/sample-studio --repo .'
      1: "github.event_name != 'pull_request' && steps.scope.outputs.record_only != 'true'"
    12:
      0: 'npm run -s check -- studio --repo .'
      1: "steps.scope.outputs.record_only == 'true'"
    13:
      0: 'npm run -s test:record'
      1: "steps.scope.outputs.record_only == 'true'"
  actual:
    0:
      0: 'actions/checkout@v5'
      1: ~
    1:
      0: 'actions/setup-node@v5'
      1: ~
    2:
      0: 'npm ci'
      1: ~
    3:
      0: 'scope'
      1: "github.event_name == 'pull_request' || github.event_name == 'merge_group'"
    4:
      0: 'npm run -s typecheck'
      1: "steps.scope.outputs.record_only != 'true'"
    5:
      0: 'npm run -s lint'
      1: "steps.scope.outputs.record_only != 'true'"
    6:
      0: 'npm run -s format:check'
      1: "steps.scope.outputs.record_only != 'true'"
    7:
      0: 'sudo apt-get update && sudo apt-get install -y bubblewrap'
      1: "steps.scope.outputs.record_only != 'true'"
    8:
      0: 'sudo sysctl -w kernel.apparmor_restrict_unprivileged_userns=0'
      1: "steps.scope.outputs.record_only != 'true'"
    9:
      0: 'npm test'
      1: "steps.scope.outputs.record_only != 'true'"
    10:
      0: 'node scripts/ci-scope.mjs --check-reads ${{ runner.temp }}/record-reads.log'
      1: "steps.scope.outputs.record_only != 'true'"
    11:
      0: 'npm run -s check -- examples/sample-studio --repo .'
      1: "steps.scope.outputs.record_only != 'true'"
    12:
      0: 'npm run -s check -- studio --repo .'
      1: "steps.scope.outputs.record_only == 'true'"
    13:
      0: 'npm run -s test:record'
      1: "steps.scope.outputs.record_only == 'true'"
  operator: 'deepStrictEqual'
  stack: |-
    TestContext.<anonymous> (/home/edckt/agents/bisellium/.worktrees/W-205/scripts/ci-scope.test.mjs:545:10)
    Test.runInAsyncScope (node:async_hooks:226:14)
    Test.run (node:internal/test_runner/test:1201:25)
    Test.start (node:internal/test_runner/test:1096:17)
    startSubtestAfterBootstrap (node:internal/test_runner/harness:385:17)
  ...
1..1
# tests 1
# suites 0
# pass 0
# fail 1
# cancelled 0
# skipped 0
# todo 0
# duration_ms 29.998421
