# behaviour: 1
# command: node --test-reporter=tap --test-name-pattern=W-152-b1 --import tsx packages/cli/src/milestones.test.ts
# exit: 1
# at: 2026-10-06T01:58:10.957Z
# sella: builder.W-152
# tree: tree:f4d4b80ec290a8c9d28f4895e4330caaaefe0600

TAP version 13
# Subtest: W-152-b1 behaviour 1: milestones.shape judges the milestone records
not ok 1 - W-152-b1 behaviour 1: milestones.shape judges the milestone records
  ---
  duration_ms: 31.414548
  type: 'test'
  location: '/home/edckt/agents/bisellium/.worktrees/W-152/packages/cli/src/milestones.test.ts:12:113'
  failureType: 'testCodeFailure'
  error: |-
    weights total 90 yields milestones.shape
    
    0 !== 1
    
  code: 'ERR_ASSERTION'
  name: 'AssertionError'
  expected: 1
  actual: 0
  operator: 'strictEqual'
  stack: |-
    TestContext.<anonymous> (/home/edckt/agents/bisellium/.worktrees/W-152/packages/cli/src/milestones.test.ts:62:10)
    Test.runInAsyncScope (node:async_hooks:226:14)
    Test.run (node:internal/test_runner/test:1201:25)
    Test.start (node:internal/test_runner/test:1096:17)
    startSubtestAfterBootstrap (node:internal/test_runner/harness:385:17)
  ...
1..1
# tests 1
# suites 0
# pass 0
# fail 1
# cancelled 0
# skipped 0
# todo 0
# duration_ms 38.720417
