# behaviour: 4
# command: node --test-reporter=tap --test-name-pattern=W-152-b4 scripts/status-page.test.mjs
# exit: 1
# at: 2026-10-06T01:58:12.842Z
# sella: builder.W-152
# tree: tree:f4d4b80ec290a8c9d28f4895e4330caaaefe0600

TAP version 13
# Subtest: W-152-b4 behaviour 4: the meter computes the Patron's formula from records
not ok 1 - W-152-b4 behaviour 4: the meter computes the Patron's formula from records
  ---
  duration_ms: 1.651984
  type: 'test'
  location: '/home/edckt/agents/bisellium/.worktrees/W-152/scripts/status-page.test.mjs:24:1'
  failureType: 'testCodeFailure'
  error: |-
    M2 is capped at 95 (raw 100)
    
    100 !== 95
    
  code: 'ERR_ASSERTION'
  name: 'AssertionError'
  expected: 95
  actual: 100
  operator: 'strictEqual'
  stack: |-
    TestContext.<anonymous> (file:///home/edckt/agents/bisellium/.worktrees/W-152/scripts/status-page.test.mjs:45:10)
    Test.runInAsyncScope (node:async_hooks:226:14)
    Test.run (node:internal/test_runner/test:1201:25)
    Test.start (node:internal/test_runner/test:1096:17)
    startSubtestAfterBootstrap (node:internal/test_runner/harness:385:17)
  ...
1..1
# tests 1
# suites 0
# pass 0
# fail 1
# cancelled 0
# skipped 0
# todo 0
# duration_ms 7.876737
