# behaviour: 1
# command: node --test-reporter=tap --import tsx packages/cli/src/answer-carry.test.ts --behaviour 1
# exit: 1
# at: 2026-10-02T09:29:10.193Z
# sella: builder.W-114
# tree: dirty:57aa9a24b96b481bd9db640ce33358157cf6812a

TAP version 13
# Subtest: W-114 behaviour 1: a plain answer's reply reaches the asker's boot context
not ok 1 - W-114 behaviour 1: a plain answer's reply reaches the asker's boot context
  ---
  duration_ms: 746.068511
  type: 'test'
  location: '/home/edckt/projects/bisellium/.worktrees/W-114/packages/cli/src/answer-carry.test.ts:11:175'
  failureType: 'testCodeFailure'
  error: "1c: the asker's context has a Petitiones heading"
  code: 'ERR_ASSERTION'
  name: 'AssertionError'
  expected: true
  actual: false
  operator: '=='
  stack: |-
    TestContext.<anonymous> (/home/edckt/projects/bisellium/.worktrees/W-114/packages/cli/src/answer-carry.test.ts:111:12)
    Test.runInAsyncScope (node:async_hooks:226:14)
    Test.run (node:internal/test_runner/test:1201:25)
    Test.start (node:internal/test_runner/test:1096:17)
    startSubtestAfterBootstrap (node:internal/test_runner/harness:385:17)
  ...
1..1
# tests 1
# suites 0
# pass 0
# fail 1
# cancelled 0
# skipped 0
# todo 0
# duration_ms 758.240008
