# behaviour: 2
# command: node --test-reporter=tap --import tsx packages/cli/src/answer-carry.test.ts --behaviour 2
# exit: 1
# at: 2026-10-02T09:29:52.003Z
# sella: builder.W-114
# tree: tree:678b7d8f0ea0731ffe1df8695e436d753d32cfa9

TAP version 13
# Subtest: W-114 behaviour 2: the record is what downstream readers parse, and the surface agrees with it
not ok 1 - W-114 behaviour 2: the record is what downstream readers parse, and the surface agrees with it
  ---
  duration_ms: 1611.933003
  type: 'test'
  location: '/home/edckt/projects/bisellium/.worktrees/W-114/packages/cli/src/answer-carry.test.ts:11:1511'
  failureType: 'testCodeFailure'
  error: "2i: the parsed stamp line appears verbatim in the asker's context"
  code: 'ERR_ASSERTION'
  name: 'AssertionError'
  expected: true
  actual: false
  operator: '=='
  stack: |-
    TestContext.<anonymous> (/home/edckt/projects/bisellium/.worktrees/W-114/packages/cli/src/answer-carry.test.ts:164:12)
    Test.runInAsyncScope (node:async_hooks:226:14)
    Test.run (node:internal/test_runner/test:1201:25)
    Test.start (node:internal/test_runner/test:1096:17)
    startSubtestAfterBootstrap (node:internal/test_runner/harness:385:17)
  ...
1..1
# tests 1
# suites 0
# pass 0
# fail 1
# cancelled 0
# skipped 0
# todo 0
# duration_ms 1620.999546
