# behaviour: 6
# command: node --test-reporter=tap --import tsx packages/cli/src/answer-carry.test.ts --behaviour 6
# exit: 1
# at: 2026-10-02T09:29:58.541Z
# sella: builder.W-114
# tree: tree:678b7d8f0ea0731ffe1df8695e436d753d32cfa9

TAP version 13
# Subtest: W-114 behaviour 6: the reply reaches the SessionStart hook bundle, and a charter-gap answer reaches every sella's decisions
not ok 1 - W-114 behaviour 6: the reply reaches the SessionStart hook bundle, and a charter-gap answer reaches every sella's decisions
  ---
  duration_ms: 732.582985
  type: 'test'
  location: '/home/edckt/projects/bisellium/.worktrees/W-114/packages/cli/src/answer-carry.test.ts:16:1094'
  failureType: 'testCodeFailure'
  error: '6d: the hook bundle carries the stamp line'
  code: 'ERR_ASSERTION'
  name: 'AssertionError'
  expected: true
  actual: false
  operator: '=='
  stack: |-
    TestContext.<anonymous> (/home/edckt/projects/bisellium/.worktrees/W-114/packages/cli/src/answer-carry.test.ts:319:12)
    Test.runInAsyncScope (node:async_hooks:226:14)
    Test.run (node:internal/test_runner/test:1201:25)
    Test.start (node:internal/test_runner/test:1096:17)
    startSubtestAfterBootstrap (node:internal/test_runner/harness:385:17)
  ...
1..1
# tests 1
# suites 0
# pass 0
# fail 1
# cancelled 0
# skipped 0
# todo 0
# duration_ms 743.870409
