# behaviour: 8
# command: node --test docs/research/maps-repair-driver.test.mjs
# exit: 1
# at: 2026-09-28T09:27:43.512Z
# sella: builder-sol
# tree: dirty:bcba8c7a84ddd007cd162251e3fc7a19843d2da5

✖ Behaviour 8 scorer refuses provable identity drift but permits missing evidence (1.53686ms)
✔ Behaviour 8 scorer controls and separation (9.470289ms)
ℹ tests 2
ℹ suites 0
ℹ pass 1
ℹ fail 1
ℹ cancelled 0
ℹ skipped 0
ℹ todo 0
ℹ duration_ms 106.010117

✖ failing tests:

test at docs/research/maps-repair-driver.test.mjs:18:14
✖ Behaviour 8 scorer refuses provable identity drift but permits missing evidence (1.53686ms)
  AssertionError [ERR_ASSERTION]: Missing expected exception.
      at TestContext.<anonymous> (file:///home/edckt/projects/bisellium/.worktrees/maps-lookup-experiment/docs/research/maps-repair-driver.test.mjs:18:625)
      at Test.runInAsyncScope (node:async_hooks:226:14)
      at Test.run (node:internal/test_runner/test:1201:25)
      at Test.start (node:internal/test_runner/test:1096:17)
      at startSubtestAfterBootstrap (node:internal/test_runner/harness:385:17) {
    generatedMessage: false,
    code: 'ERR_ASSERTION',
    actual: undefined,
    expected: /identity mismatch.*question/i,
    operator: 'throws',
    diff: 'simple'
  }
